Archive member included to satisfy reference by file (symbol)

app/libapp.a(main.c.obj)      (--whole-archive)
zephyr/libzephyr.a(heap.c.obj)
                              (--whole-archive)
zephyr/libzephyr.a(cbprintf_packaged.c.obj)
                              (--whole-archive)
zephyr/libzephyr.a(printk.c.obj)
                              (--whole-archive)
zephyr/libzephyr.a(sem.c.obj)
                              (--whole-archive)
zephyr/libzephyr.a(thread_entry.c.obj)
                              (--whole-archive)
zephyr/libzephyr.a(cbprintf_complete.c.obj)
                              (--whole-archive)
zephyr/libzephyr.a(cbprintf.c.obj)
                              (--whole-archive)
zephyr/libzephyr.a(assert.c.obj)
                              (--whole-archive)
zephyr/libzephyr.a(dec.c.obj)
                              (--whole-archive)
zephyr/libzephyr.a(hex.c.obj)
                              (--whole-archive)
zephyr/libzephyr.a(rb.c.obj)  (--whole-archive)
zephyr/libzephyr.a(timeutil.c.obj)
                              (--whole-archive)
zephyr/libzephyr.a(bitarray.c.obj)
                              (--whole-archive)
zephyr/libzephyr.a(onoff.c.obj)
                              (--whole-archive)
zephyr/libzephyr.a(notify.c.obj)
                              (--whole-archive)
zephyr/libzephyr.a(ring_buffer.c.obj)
                              (--whole-archive)
zephyr/libzephyr.a(last_section_id.c.obj)
                              (--whole-archive)
zephyr/libzephyr.a(configs.c.obj)
                              (--whole-archive)
zephyr/libzephyr.a(log_core.c.obj)
                              (--whole-archive)
zephyr/libzephyr.a(log_mgmt.c.obj)
                              (--whole-archive)
zephyr/libzephyr.a(log_cache.c.obj)
                              (--whole-archive)
zephyr/libzephyr.a(log_msg.c.obj)
                              (--whole-archive)
zephyr/libzephyr.a(log_output.c.obj)
                              (--whole-archive)
zephyr/libzephyr.a(log_backend_uart.c.obj)
                              (--whole-archive)
zephyr/libzephyr.a(mem_attr.c.obj)
                              (--whole-archive)
zephyr/libzephyr.a(tracing_none.c.obj)
                              (--whole-archive)
zephyr/libzephyr.a(usb_device.c.obj)
                              (--whole-archive)
zephyr/libzephyr.a(usb_descriptor.c.obj)
                              (--whole-archive)
zephyr/libzephyr.a(usb_transfer.c.obj)
                              (--whole-archive)
zephyr/libzephyr.a(cdc_acm.c.obj)
                              (--whole-archive)
zephyr/libzephyr.a(usb_work_q.c.obj)
                              (--whole-archive)
zephyr/libzephyr.a(banner.c.obj)
                              (--whole-archive)
zephyr/libzephyr.a(nrf_cc3xx_platform_abort_zephyr.c.obj)
                              (--whole-archive)
zephyr/libzephyr.a(nrf_cc3xx_platform_mutex_zephyr.c.obj)
                              (--whole-archive)
zephyr/arch/common/libarch__common.a(sw_isr_common.c.obj)
                              (--whole-archive)
zephyr/arch/arch/arm/core/libarch__arm__core.a(fatal.c.obj)
                              (--whole-archive)
zephyr/arch/arch/arm/core/libarch__arm__core.a(nmi.c.obj)
                              (--whole-archive)
zephyr/arch/arch/arm/core/libarch__arm__core.a(nmi_on_reset.S.obj)
                              (--whole-archive)
zephyr/arch/arch/arm/core/cortex_m/libarch__arm__core__cortex_m.a(exc_exit.c.obj)
                              (--whole-archive)
zephyr/arch/arch/arm/core/cortex_m/libarch__arm__core__cortex_m.a(fault.c.obj)
                              (--whole-archive)
zephyr/arch/arch/arm/core/cortex_m/libarch__arm__core__cortex_m.a(fault_s.S.obj)
                              (--whole-archive)
zephyr/arch/arch/arm/core/cortex_m/libarch__arm__core__cortex_m.a(fpu.c.obj)
                              (--whole-archive)
zephyr/arch/arch/arm/core/cortex_m/libarch__arm__core__cortex_m.a(reset.S.obj)
                              (--whole-archive)
zephyr/arch/arch/arm/core/cortex_m/libarch__arm__core__cortex_m.a(scb.c.obj)
                              (--whole-archive)
zephyr/arch/arch/arm/core/cortex_m/libarch__arm__core__cortex_m.a(thread_abort.c.obj)
                              (--whole-archive)
zephyr/arch/arch/arm/core/cortex_m/libarch__arm__core__cortex_m.a(vector_table.S.obj)
                              (--whole-archive)
zephyr/arch/arch/arm/core/cortex_m/libarch__arm__core__cortex_m.a(swap_helper.S.obj)
                              (--whole-archive)
zephyr/arch/arch/arm/core/cortex_m/libarch__arm__core__cortex_m.a(irq_manage.c.obj)
                              (--whole-archive)
zephyr/arch/arch/arm/core/cortex_m/libarch__arm__core__cortex_m.a(prep_c.c.obj)
                              (--whole-archive)
zephyr/arch/arch/arm/core/cortex_m/libarch__arm__core__cortex_m.a(thread.c.obj)
                              (--whole-archive)
[...]
Memory Configuration

Name             Origin             Length             Attributes
FLASH            0x0000000000001000 0x00000000000ff000 xr
RAM              0x0000000020000000 0x0000000000040000 xw
IDT_LIST         0x00000000ffff7fff 0x0000000000008000 xw
*default*        0x0000000000000000 0xffffffffffffffff

Linker script and memory map

LOAD zephyr/CMakeFiles/zephyr_final.dir/misc/empty_file.c.obj
LOAD zephyr/CMakeFiles/zephyr_final.dir/isr_tables.c.obj
LOAD zephyr/CMakeFiles/offsets.dir/./arch/arm/core/offsets/offsets.c.obj
LOAD app/libapp.a
LOAD zephyr/libzephyr.a
LOAD zephyr/arch/common/libarch__common.a
LOAD zephyr/arch/arch/arm/core/libarch__arm__core.a
LOAD zephyr/arch/arch/arm/core/cortex_m/libarch__arm__core__cortex_m.a
LOAD zephyr/arch/arch/arm/core/mpu/libarch__arm__core__mpu.a
LOAD zephyr/lib/libc/minimal/liblib__libc__minimal.a
LOAD zephyr/lib/libc/common/liblib__libc__common.a
LOAD zephyr/soc/soc/nrf52840/libsoc__nordic.a
LOAD zephyr/boards/nordic/nrf52840dongle/libboards__nordic__nrf52840dongle.a
LOAD zephyr/drivers/usb/device/libdrivers__usb__device.a
LOAD zephyr/drivers/usb/common/nrf_usbd_common/libdrivers__usb__common__nrf_usbd_common.a
LOAD zephyr/drivers/clock_control/libdrivers__clock_control.a
LOAD zephyr/drivers/console/libdrivers__console.a
LOAD zephyr/drivers/gpio/libdrivers__gpio.a
LOAD zephyr/drivers/hwinfo/libdrivers__hwinfo.a
LOAD zephyr/drivers/pinctrl/libdrivers__pinctrl.a
LOAD zephyr/drivers/serial/libdrivers__serial.a
LOAD zephyr/drivers/timer/libdrivers__timer.a
LOAD modules/nrf/drivers/hw_cc3xx/lib..__nrf__drivers__hw_cc3xx.a
LOAD modules/hal_nordic/modules/hal_nordic/nrfx/libmodules__hal_nordic__nrfx.a
LOAD zephyr/kernel/libkernel.a
LOAD zephyr/arch/common/libisr_tables.a
LOAD /Users/dmitrymedvedev/ncs-workspace/nrfxlib/crypto/nrf_cc310_platform/lib/cortex-m4/soft-float/no-interrupts/libnrf_cc310_platform_0.9.19.a
LOAD /Users/dmitrymedvedev/zephyr-sdk/zephyr-sdk-0.17.2/arm-zephyr-eabi/bin/../lib/gcc/arm-zephyr-eabi/12.2.0/thumb/v7e-m/nofp/libgcc.a
                0x0000000000000020                _region_min_align = 0x20

.rel.plt        0x0000000000001000        0x0
 *(SORT_BY_ALIGNMENT(.rel.plt))
                [!provide]                        PROVIDE (__rel_iplt_start = .)
 *(SORT_BY_ALIGNMENT(.rel.iplt))
 .rel.iplt      0x0000000000001000        0x0 zephyr/CMakeFiles/zephyr_final.dir/isr_tables.c.obj
                [!provide]                        PROVIDE (__rel_iplt_end = .)

.rela.plt       0x0000000000000000        0x0
 *(SORT_BY_ALIGNMENT(.rela.plt))
                [!provide]                        PROVIDE (__rela_iplt_start = .)
 *(SORT_BY_ALIGNMENT(.rela.iplt))
                [!provide]                        PROVIDE (__rela_iplt_end = .)

.rel.dyn
 *(SORT_BY_ALIGNMENT(.rel.*))

.rela.dyn
 *(SORT_BY_ALIGNMENT(.rela.*))

/DISCARD/
 *(SORT_BY_ALIGNMENT(.plt))

/DISCARD/
 *(SORT_BY_ALIGNMENT(.iplt))
                0x0000000000001000                __rom_region_start = 0x1000

rom_start       0x0000000000001000      0x100
                0x0000000000001000                __rom_start_address = .
 FILL mask 0x00
                0x0000000000001000                . = (. + (0x0 - (. - __rom_start_address)))
                0x0000000000001000                . = ALIGN (0x4)
                0x0000000000001000                . = ALIGN (0x80)
                0x0000000000001000                . = ALIGN (0x100)
                0x0000000000001000                _vector_start = .
 *(SORT_BY_ALIGNMENT(.exc_vector_table))
 *(SORT_BY_ALIGNMENT(.exc_vector_table.*))
 .exc_vector_table._vector_table_section
                0x0000000000001000       0x40 zephyr/arch/arch/arm/core/cortex_m/libarch__arm__core__cortex_m.a(vector_table.S.obj)
                0x0000000000001000                _vector_table
 *(SORT_BY_ALIGNMENT(.vectors))
                0x0000000000001100                _vector_end = .
                0x0000000000001040                . = ALIGN (0x4)
 *(SORT_BY_ALIGNMENT(.gnu.linkonce.irq_vector_table*))
 .gnu.linkonce.irq_vector_table
                0x0000000000001040       0xc0 zephyr/CMakeFiles/zephyr_final.dir/isr_tables.c.obj
                0x0000000000001040                _irq_vector_table
                0x0000000000001100                _vector_end = .

text            0x0000000000001100     0xa454
                0x0000000000001100                __text_region_start = .
 *(SORT_BY_ALIGNMENT(.text))
 .text          0x0000000000001100       0x30 /Users/dmitrymedvedev/zephyr-sdk/zephyr-sdk-0.17.2/arm-zephyr-eabi/bin/../lib/gcc/arm-zephyr-eabi/12.2.0/thumb/v7e-m/nofp/libgcc.a(_aeabi_uldivmod.o)
                0x0000000000001100                __aeabi_uldivmod
 .text          0x0000000000001130        0x4 /Users/dmitrymedvedev/zephyr-sdk/zephyr-sdk-0.17.2/arm-zephyr-eabi/bin/../lib/gcc/arm-zephyr-eabi/12.2.0/thumb/v7e-m/nofp/libgcc.a(_dvmd_tls.o)
                0x0000000000001130                __aeabi_ldiv0
                0x0000000000001130                __aeabi_idiv0
 .text          0x0000000000001134      0x2a0 /Users/dmitrymedvedev/zephyr-sdk/zephyr-sdk-0.17.2/arm-zephyr-eabi/bin/../lib/gcc/arm-zephyr-eabi/12.2.0/thumb/v7e-m/nofp/libgcc.a(_udivmoddi4.o)
                0x0000000000001134                __udivmoddi4
 *(SORT_BY_ALIGNMENT(.text.*))
 .text.gpio_pin_toggle_dt.constprop.0.isra.0
                0x00000000000013d4       0x10 app/libapp.a(main.c.obj)
 .text.button_pressed_isr
                0x00000000000013e4       0x28 app/libapp.a(main.c.obj)
 .text.main     0x000000000000140c      0x108 app/libapp.a(main.c.obj)
                0x000000000000140c                main
 .text.cbvprintf_package
                0x0000000000001514      0x3a4 zephyr/libzephyr.a(cbprintf_packaged.c.obj)
                0x0000000000001514                cbvprintf_package
 .text.__printk_hook_install
                0x00000000000018b8        0xc zephyr/libzephyr.a(printk.c.obj)
                0x00000000000018b8                __printk_hook_install
 .text.z_cbvprintf_impl
                0x00000000000018c4      0x774 zephyr/libzephyr.a(cbprintf_complete.c.obj)
                0x00000000000018c4                z_cbvprintf_impl
 .text.process_event
                0x0000000000002038      0x21c zephyr/libzephyr.a(onoff.c.obj)
 .text.z_log_init.isra.0
                0x0000000000002254       0xd0 zephyr/libzephyr.a(log_core.c.obj)
 .text.log_format_func_t_get
                0x0000000000002324        0xc zephyr/libzephyr.a(log_core.c.obj)
                0x0000000000002324                log_format_func_t_get
 .text.log_set_timestamp_func
                0x0000000000002330       0x20 zephyr/libzephyr.a(log_core.c.obj)
                0x0000000000002330                log_set_timestamp_func
 .text.log_core_init
                0x0000000000002350       0x28 zephyr/libzephyr.a(log_core.c.obj)
                0x0000000000002350                log_core_init
 .text.z_impl_log_panic
                0x0000000000002378       0x3c zephyr/libzephyr.a(log_core.c.obj)
                0x0000000000002378                z_impl_log_panic
 .text.z_log_dropped
                0x00000000000023b4       0x30 zephyr/libzephyr.a(log_core.c.obj)
                0x00000000000023b4                z_log_dropped
 .text.z_log_msg_commit
                0x00000000000023e4       0x38 zephyr/libzephyr.a(log_core.c.obj)
                0x00000000000023e4                z_log_msg_commit
 .text.log_source_name_get
                0x000000000000241c       0x1c zephyr/libzephyr.a(log_mgmt.c.obj)
                0x000000000000241c                log_source_name_get
 .text.log_backend_enable
                0x0000000000002438       0x28 zephyr/libzephyr.a(log_mgmt.c.obj)
                0x0000000000002438                log_backend_enable
 .text.z_log_msg_runtime_vcreate
                0x0000000000002460       0xac zephyr/libzephyr.a(log_msg.c.obj)
                0x0000000000002460                z_log_msg_runtime_vcreate
 .text.log_msg_get_source_id
                0x000000000000250c       0x18 zephyr/libzephyr.a(log_msg.c.obj)
                0x000000000000250c                log_msg_get_source_id
 .text.print_formatted
                0x0000000000002524       0x24 zephyr/libzephyr.a(log_output.c.obj)
 .text.newline_print
                0x0000000000002548       0x1c zephyr/libzephyr.a(log_output.c.obj)
 .text.log_output_process
                0x0000000000002564      0x2e0 zephyr/libzephyr.a(log_output.c.obj)
                0x0000000000002564                log_output_process
 .text.log_output_timestamp_freq_set
                0x0000000000002844       0x2c zephyr/libzephyr.a(log_output.c.obj)
                0x0000000000002844                log_output_timestamp_freq_set
 .text.char_out
                0x0000000000002870       0x24 zephyr/libzephyr.a(log_backend_uart.c.obj)
 .text.mem_attr_get_regions
                0x0000000000002894        0xc zephyr/libzephyr.a(mem_attr.c.obj)
                0x0000000000002894                mem_attr_get_regions
 .text.class_handler
                0x00000000000028a0       0x40 zephyr/libzephyr.a(usb_device.c.obj)
 .text.custom_handler
                0x00000000000028e0       0x60 zephyr/libzephyr.a(usb_device.c.obj)
 .text.vendor_handler
                0x0000000000002940       0x3c zephyr/libzephyr.a(usb_device.c.obj)
 .text.disable_endpoint
                0x000000000000297c       0x2c zephyr/libzephyr.a(usb_device.c.obj)
 .text.usb_reset_alt_setting
                0x00000000000029a8       0x10 zephyr/libzephyr.a(usb_device.c.obj)
 .text.is_ep_valid.part.0
                0x00000000000029b8       0x38 zephyr/libzephyr.a(usb_device.c.obj)
 .text.usb_handle_request.constprop.0
                0x00000000000029f0       0x2c zephyr/libzephyr.a(usb_device.c.obj)
 .text.forward_status_cb
                0x0000000000002a1c       0xac zephyr/libzephyr.a(usb_device.c.obj)
 .text.usb_halt_endpoint_req.isra.0
                0x0000000000002ac8       0x50 zephyr/libzephyr.a(usb_device.c.obj)
 .text.set_endpoint
                0x0000000000002b18       0x84 zephyr/libzephyr.a(usb_device.c.obj)
 .text.usb_handle_standard_request
                0x0000000000002b9c      0x29c zephyr/libzephyr.a(usb_device.c.obj)
 .text.usb_data_to_host
                0x0000000000002e38       0x60 zephyr/libzephyr.a(usb_device.c.obj)
 .text.usb_handle_control_transfer
                0x0000000000002e98       0xdc zephyr/libzephyr.a(usb_device.c.obj)
 .text.usb_set_config
                0x0000000000002f74       0x2c zephyr/libzephyr.a(usb_device.c.obj)
                0x0000000000002f74                usb_set_config
 .text.usb_enable
                0x0000000000002fa0      0x13c zephyr/libzephyr.a(usb_device.c.obj)
                0x0000000000002fa0                usb_enable
 .text.usb_update_sn_string_descriptor
                0x00000000000030dc       0x88 zephyr/libzephyr.a(usb_descriptor.c.obj)
                0x00000000000030dc                usb_update_sn_string_descriptor
 .text.usb_get_device_descriptor
                0x0000000000003164      0x1f4 zephyr/libzephyr.a(usb_descriptor.c.obj)
                0x0000000000003164                usb_get_device_descriptor
 .text.usb_ep_get_transfer
                0x0000000000003358       0x2c zephyr/libzephyr.a(usb_transfer.c.obj)
 .text.usb_transfer_work
                0x0000000000003384      0x100 zephyr/libzephyr.a(usb_transfer.c.obj)
 .text.usb_transfer_ep_callback
                0x0000000000003484       0x5c zephyr/libzephyr.a(usb_transfer.c.obj)
                0x0000000000003484                usb_transfer_ep_callback
 .text.usb_transfer
                0x00000000000034e0       0xe0 zephyr/libzephyr.a(usb_transfer.c.obj)
                0x00000000000034e0                usb_transfer
 .text.usb_cancel_transfer
                0x00000000000035c0       0x3c zephyr/libzephyr.a(usb_transfer.c.obj)
                0x00000000000035c0                usb_cancel_transfer
 .text.usb_cancel_transfers
                0x00000000000035fc       0x44 zephyr/libzephyr.a(usb_transfer.c.obj)
                0x00000000000035fc                usb_cancel_transfers
 .text.usb_transfer_init
                0x0000000000003640       0x34 zephyr/libzephyr.a(usb_transfer.c.obj)
                0x0000000000003640                usb_transfer_init
 .text.cdc_acm_irq_rx_enable
                0x0000000000003674       0x20 zephyr/libzephyr.a(cdc_acm.c.obj)
 .text.cdc_acm_irq_tx_enable
                0x0000000000003694       0x20 zephyr/libzephyr.a(cdc_acm.c.obj)
 .text.cdc_acm_fifo_fill
                0x00000000000036b4       0x3c zephyr/libzephyr.a(cdc_acm.c.obj)
 .text.cdc_acm_write_cb
                0x00000000000036f0       0x54 zephyr/libzephyr.a(cdc_acm.c.obj)
 .text.cdc_acm_class_handle_req
                0x0000000000003744       0x58 zephyr/libzephyr.a(cdc_acm.c.obj)
                0x0000000000003744                cdc_acm_class_handle_req
 .text.cdc_acm_int_in
                0x000000000000379c       0x18 zephyr/libzephyr.a(cdc_acm.c.obj)
 .text.cdc_acm_reset_port
                0x00000000000037b4       0x3c zephyr/libzephyr.a(cdc_acm.c.obj)
 .text.tx_work_handler
                0x00000000000037f0       0x64 zephyr/libzephyr.a(cdc_acm.c.obj)
 .text.cdc_acm_init
                0x0000000000003854       0x48 zephyr/libzephyr.a(cdc_acm.c.obj)
 .text.cdc_acm_poll_out
                0x000000000000389c       0x70 zephyr/libzephyr.a(cdc_acm.c.obj)
 .text.cdc_acm_read_cb
                0x000000000000390c       0x74 zephyr/libzephyr.a(cdc_acm.c.obj)
 .text.cdc_acm_dev_status_cb
                0x0000000000003980       0x84 zephyr/libzephyr.a(cdc_acm.c.obj)
 .text.z_usb_work_q_init
                0x0000000000003a04       0x34 zephyr/libzephyr.a(usb_work_q.c.obj)
 .text.boot_banner
                0x0000000000003a38       0x1c zephyr/libzephyr.a(banner.c.obj)
                0x0000000000003a38                boot_banner
 .text.nrf_cc3xx_platform_abort_init
                0x0000000000003a54        0xc zephyr/libzephyr.a(nrf_cc3xx_platform_abort_zephyr.c.obj)
                0x0000000000003a54                nrf_cc3xx_platform_abort_init
 .text.mutex_free_platform
                0x0000000000003a60       0x54 zephyr/libzephyr.a(nrf_cc3xx_platform_mutex_zephyr.c.obj)
 .text.mutex_lock_platform
                0x0000000000003ab4       0x60 zephyr/libzephyr.a(nrf_cc3xx_platform_mutex_zephyr.c.obj)
 .text.mutex_unlock_platform
                0x0000000000003b14       0x58 zephyr/libzephyr.a(nrf_cc3xx_platform_mutex_zephyr.c.obj)
 .text.mutex_init_platform
                0x0000000000003b6c       0x94 zephyr/libzephyr.a(nrf_cc3xx_platform_mutex_zephyr.c.obj)
 .text.nrf_cc3xx_platform_mutex_init
                0x0000000000003c00       0x2c zephyr/libzephyr.a(nrf_cc3xx_platform_mutex_zephyr.c.obj)
                0x0000000000003c00                nrf_cc3xx_platform_mutex_init
 .text.z_arm_fatal_error
                0x0000000000003c2c       0xc4 zephyr/arch/arch/arm/core/libarch__arm__core.a(fatal.c.obj)
                0x0000000000003c2c                z_arm_fatal_error
 .text.z_SysNmiOnReset
                0x0000000000003cf0        0x8 zephyr/arch/arch/arm/core/libarch__arm__core.a(nmi_on_reset.S.obj)
                0x0000000000003cf0                z_SysNmiOnReset
 .text._HandlerModeExit
                0x0000000000003cf8       0x28 zephyr/arch/arch/arm/core/cortex_m/libarch__arm__core__cortex_m.a(exc_exit.c.obj)
                0x0000000000003cf8                z_arm_exc_exit
                0x0000000000003cf8                z_arm_int_exit
 .text.bus_fault.constprop.0
                0x0000000000003d20      0x13c zephyr/arch/arch/arm/core/cortex_m/libarch__arm__core__cortex_m.a(fault.c.obj)
 .text.usage_fault.constprop.0
                0x0000000000003e5c      0x108 zephyr/arch/arch/arm/core/cortex_m/libarch__arm__core__cortex_m.a(fault.c.obj)
 .text.mem_manage_fault
                0x0000000000003f64      0x164 zephyr/arch/arch/arm/core/cortex_m/libarch__arm__core__cortex_m.a(fault.c.obj)
 .text.z_arm_fault
                0x00000000000040c8      0x200 zephyr/arch/arch/arm/core/cortex_m/libarch__arm__core__cortex_m.a(fault.c.obj)
                0x00000000000040c8                z_arm_fault
 .text.z_arm_fault_init
                0x00000000000042c8       0x18 zephyr/arch/arch/arm/core/cortex_m/libarch__arm__core__cortex_m.a(fault.c.obj)
                0x00000000000042c8                z_arm_fault_init
 .text.__fault  0x00000000000042e0       0x14 zephyr/arch/arch/arm/core/cortex_m/libarch__arm__core__cortex_m.a(fault_s.S.obj)
                0x00000000000042e0                z_arm_bus_fault
                0x00000000000042e0                z_arm_usage_fault
                0x00000000000042e0                z_arm_mpu_fault
                0x00000000000042e0                z_arm_exc_spurious
                0x00000000000042e0                z_arm_debug_monitor
                0x00000000000042e0                z_arm_hard_fault
 .text._reset_section
                0x00000000000042f4       0x54 zephyr/arch/arch/arm/core/cortex_m/libarch__arm__core__cortex_m.a(reset.S.obj)
                0x00000000000042f4                z_arm_reset
                0x00000000000042f4                __start
 .text.z_arm_clear_arm_mpu_config
                0x0000000000004348       0x24 zephyr/arch/arch/arm/core/cortex_m/libarch__arm__core__cortex_m.a(scb.c.obj)
                0x0000000000004348                z_arm_clear_arm_mpu_config
 .text.z_arm_init_arch_hw_at_boot
                0x000000000000436c       0x64 zephyr/arch/arch/arm/core/cortex_m/libarch__arm__core__cortex_m.a(scb.c.obj)
                0x000000000000436c                z_arm_init_arch_hw_at_boot
 .text.z_impl_k_thread_abort
                0x00000000000043d0       0x2c zephyr/arch/arch/arm/core/cortex_m/libarch__arm__core__cortex_m.a(thread_abort.c.obj)
                0x00000000000043d0                z_impl_k_thread_abort
 .text.z_arm_pendsv
                0x00000000000043fc       0x54 zephyr/arch/arch/arm/core/cortex_m/libarch__arm__core__cortex_m.a(swap_helper.S.obj)
                0x00000000000043fc                z_arm_pendsv
 .text.z_arm_svc
                0x0000000000004450       0x24 zephyr/arch/arch/arm/core/cortex_m/libarch__arm__core__cortex_m.a(swap_helper.S.obj)
                0x0000000000004450                z_arm_svc
 .text.arch_irq_enable
                0x0000000000004474       0x1c zephyr/arch/arch/arm/core/cortex_m/libarch__arm__core__cortex_m.a(irq_manage.c.obj)
                0x0000000000004474                arch_irq_enable
 .text.arch_irq_disable
                0x0000000000004490       0x28 zephyr/arch/arch/arm/core/cortex_m/libarch__arm__core__cortex_m.a(irq_manage.c.obj)
                0x0000000000004490                arch_irq_disable
 .text.arch_irq_is_enabled
                0x00000000000044b8       0x1c zephyr/arch/arch/arm/core/cortex_m/libarch__arm__core__cortex_m.a(irq_manage.c.obj)
                0x00000000000044b8                arch_irq_is_enabled
 .text.z_arm_irq_priority_set
                0x00000000000044d4       0x30 zephyr/arch/arch/arm/core/cortex_m/libarch__arm__core__cortex_m.a(irq_manage.c.obj)
                0x00000000000044d4                z_arm_irq_priority_set
 .text.z_prep_c
                0x0000000000004504       0x38 zephyr/arch/arch/arm/core/cortex_m/libarch__arm__core__cortex_m.a(prep_c.c.obj)
                0x0000000000004504                z_prep_c
 .text.arch_new_thread
                0x000000000000453c       0x38 zephyr/arch/arch/arm/core/cortex_m/libarch__arm__core__cortex_m.a(thread.c.obj)
                0x000000000000453c                arch_new_thread
 .text.z_check_thread_stack_fail
                0x0000000000004574       0x2c zephyr/arch/arch/arm/core/cortex_m/libarch__arm__core__cortex_m.a(thread.c.obj)
                0x0000000000004574                z_check_thread_stack_fail
 .text.arch_switch_to_main_thread
                0x00000000000045a0       0x34 zephyr/arch/arch/arm/core/cortex_m/libarch__arm__core__cortex_m.a(thread.c.obj)
                0x00000000000045a0                arch_switch_to_main_thread
 .text.z_arm_cpu_idle_init
                0x00000000000045d4        0xc zephyr/arch/arch/arm/core/cortex_m/libarch__arm__core__cortex_m.a(cpu_idle.c.obj)
                0x00000000000045d4                z_arm_cpu_idle_init
 .text.z_arm_interrupt_init
                0x00000000000045e0       0x18 zephyr/arch/arch/arm/core/cortex_m/libarch__arm__core__cortex_m.a(irq_init.c.obj)
                0x00000000000045e0                z_arm_interrupt_init
 .text._isr_wrapper
                0x00000000000045f8       0x24 zephyr/arch/arch/arm/core/cortex_m/libarch__arm__core__cortex_m.a(isr_wrapper.c.obj)
                0x00000000000045f8                _isr_wrapper
 .text.z_arm_configure_static_mpu_regions
                0x000000000000461c       0x18 zephyr/arch/arch/arm/core/mpu/libarch__arm__core__mpu.a(arm_core_mpu.c.obj)
                0x000000000000461c                z_arm_configure_static_mpu_regions
 .text.z_arm_configure_dynamic_mpu_regions
                0x0000000000004634       0x20 zephyr/arch/arch/arm/core/mpu/libarch__arm__core__mpu.a(arm_core_mpu.c.obj)
                0x0000000000004634                z_arm_configure_dynamic_mpu_regions
 .text.region_allocate_and_init
                0x0000000000004654       0x60 zephyr/arch/arch/arm/core/mpu/libarch__arm__core__mpu.a(arm_mpu.c.obj)
 .text.mpu_configure_regions
                0x00000000000046b4       0x74 zephyr/arch/arch/arm/core/mpu/libarch__arm__core__mpu.a(arm_mpu.c.obj)
 .text.arm_core_mpu_enable
                0x0000000000004728       0x18 zephyr/arch/arch/arm/core/mpu/libarch__arm__core__mpu.a(arm_mpu.c.obj)
                0x0000000000004728                arm_core_mpu_enable
 .text.arm_core_mpu_disable
                0x0000000000004740       0x14 zephyr/arch/arch/arm/core/mpu/libarch__arm__core__mpu.a(arm_mpu.c.obj)
                0x0000000000004740                arm_core_mpu_disable
 .text.arm_core_mpu_configure_static_mpu_regions
                0x0000000000004754       0x14 zephyr/arch/arch/arm/core/mpu/libarch__arm__core__mpu.a(arm_mpu.c.obj)
                0x0000000000004754                arm_core_mpu_configure_static_mpu_regions
 .text.arm_core_mpu_configure_dynamic_mpu_regions
                0x0000000000004768       0x38 zephyr/arch/arch/arm/core/mpu/libarch__arm__core__mpu.a(arm_mpu.c.obj)
                0x0000000000004768                arm_core_mpu_configure_dynamic_mpu_regions
 .text.z_arm_mpu_init
                0x00000000000047a0      0x17c zephyr/arch/arch/arm/core/mpu/libarch__arm__core__mpu.a(arm_mpu.c.obj)
                0x00000000000047a0                z_arm_mpu_init
 .text.__stdout_hook_install
                0x000000000000491c        0xc zephyr/lib/libc/minimal/liblib__libc__minimal.a(stdout_console.c.obj)
                0x000000000000491c                __stdout_hook_install
 .text.nordicsemi_nrf52_init
                0x0000000000004928       0x44 zephyr/soc/soc/nrf52840/libsoc__nordic.a(soc.c.obj)
 .text.arch_busy_wait
                0x000000000000496c       0x14 zephyr/soc/soc/nrf52840/libsoc__nordic.a(soc.c.obj)
                0x000000000000496c                arch_busy_wait
 .text.board_nrf52840dongle_nrf52840_init
                0x0000000000004980       0x7c zephyr/boards/nordic/nrf52840dongle/libboards__nordic__nrf52840dongle.a(board.c.obj)
 .text.endpoint_ctx
                0x00000000000049fc       0x60 zephyr/drivers/usb/device/libdrivers__usb__device.a(usb_dc_nrfx.c.obj)
 .text.usbd_work_schedule
                0x0000000000004a5c       0x10 zephyr/drivers/usb/device/libdrivers__usb__device.a(usb_dc_nrfx.c.obj)
 .text.usbd_evt_put
                0x0000000000004a6c        0xc zephyr/drivers/usb/device/libdrivers__usb__device.a(usb_dc_nrfx.c.obj)
 .text.usbd_evt_get
                0x0000000000004a78       0x10 zephyr/drivers/usb/device/libdrivers__usb__device.a(usb_dc_nrfx.c.obj)
 .text.usb_init
                0x0000000000004a88       0x70 zephyr/drivers/usb/device/libdrivers__usb__device.a(usb_dc_nrfx.c.obj)
 .text.hfxo_stop.constprop.0.isra.0
                0x0000000000004af8       0x40 zephyr/drivers/usb/device/libdrivers__usb__device.a(usb_dc_nrfx.c.obj)
 .text.eps_ctx_init
                0x0000000000004b38       0x68 zephyr/drivers/usb/device/libdrivers__usb__device.a(usb_dc_nrfx.c.obj)
 .text.usbd_evt_flush
                0x0000000000004ba0       0x1c zephyr/drivers/usb/device/libdrivers__usb__device.a(usb_dc_nrfx.c.obj)
 .text.usbd_evt_alloc
                0x0000000000004bbc       0x7c zephyr/drivers/usb/device/libdrivers__usb__device.a(usb_dc_nrfx.c.obj)
 .text.usb_dc_power_event_handler
                0x0000000000004c38       0x58 zephyr/drivers/usb/device/libdrivers__usb__device.a(usb_dc_nrfx.c.obj)
 .text.usbd_event_transfer_data
                0x0000000000004c90       0xd4 zephyr/drivers/usb/device/libdrivers__usb__device.a(usb_dc_nrfx.c.obj)
 .text.usbd_event_handler
                0x0000000000004d64      0x164 zephyr/drivers/usb/device/libdrivers__usb__device.a(usb_dc_nrfx.c.obj)
 .text.usbd_work_handler
                0x0000000000004ec8      0x380 zephyr/drivers/usb/device/libdrivers__usb__device.a(usb_dc_nrfx.c.obj)
 .text.usb_dc_attach
                0x0000000000005248       0x64 zephyr/drivers/usb/device/libdrivers__usb__device.a(usb_dc_nrfx.c.obj)
                0x0000000000005248                usb_dc_attach
 .text.usb_dc_set_address
                0x00000000000052ac       0x24 zephyr/drivers/usb/device/libdrivers__usb__device.a(usb_dc_nrfx.c.obj)
                0x00000000000052ac                usb_dc_set_address
 .text.usb_dc_ep_check_cap
                0x00000000000052d0       0x74 zephyr/drivers/usb/device/libdrivers__usb__device.a(usb_dc_nrfx.c.obj)
                0x00000000000052d0                usb_dc_ep_check_cap
 .text.usb_dc_ep_configure
                0x0000000000005344       0x68 zephyr/drivers/usb/device/libdrivers__usb__device.a(usb_dc_nrfx.c.obj)
                0x0000000000005344                usb_dc_ep_configure
 .text.usb_dc_ep_set_stall
                0x00000000000053ac       0x70 zephyr/drivers/usb/device/libdrivers__usb__device.a(usb_dc_nrfx.c.obj)
                0x00000000000053ac                usb_dc_ep_set_stall
 .text.usb_dc_ep_clear_stall
                0x000000000000541c       0x40 zephyr/drivers/usb/device/libdrivers__usb__device.a(usb_dc_nrfx.c.obj)
                0x000000000000541c                usb_dc_ep_clear_stall
 .text.usb_dc_ep_is_stalled
                0x000000000000545c       0x38 zephyr/drivers/usb/device/libdrivers__usb__device.a(usb_dc_nrfx.c.obj)
                0x000000000000545c                usb_dc_ep_is_stalled
 .text.usb_dc_ep_enable
                0x0000000000005494       0x54 zephyr/drivers/usb/device/libdrivers__usb__device.a(usb_dc_nrfx.c.obj)
                0x0000000000005494                usb_dc_ep_enable
 .text.usb_dc_ep_write
                0x00000000000054e8      0x128 zephyr/drivers/usb/device/libdrivers__usb__device.a(usb_dc_nrfx.c.obj)
                0x00000000000054e8                usb_dc_ep_write
 .text.usb_dc_ep_read_wait
                0x0000000000005610       0xbc zephyr/drivers/usb/device/libdrivers__usb__device.a(usb_dc_nrfx.c.obj)
                0x0000000000005610                usb_dc_ep_read_wait
 .text.usb_dc_ep_read_continue
                0x00000000000056cc       0xa4 zephyr/drivers/usb/device/libdrivers__usb__device.a(usb_dc_nrfx.c.obj)
                0x00000000000056cc                usb_dc_ep_read_continue
 .text.usb_dc_ep_set_callback
                0x0000000000005770       0x28 zephyr/drivers/usb/device/libdrivers__usb__device.a(usb_dc_nrfx.c.obj)
                0x0000000000005770                usb_dc_ep_set_callback
 .text.usb_dc_set_status_callback
                0x0000000000005798        0xc zephyr/drivers/usb/device/libdrivers__usb__device.a(usb_dc_nrfx.c.obj)
                0x0000000000005798                usb_dc_set_status_callback
 .text.usb_dc_ep_mps
                0x00000000000057a4       0x24 zephyr/drivers/usb/device/libdrivers__usb__device.a(usb_dc_nrfx.c.obj)
                0x00000000000057a4                usb_dc_ep_mps
 .text.nrf52_errata_187
                0x00000000000057c8       0x28 zephyr/drivers/usb/common/nrf_usbd_common/libdrivers__usb__common__nrf_usbd_common.a(nrf_usbd_common.c.obj)
 .text.ep_state_access
                0x00000000000057f0       0x20 zephyr/drivers/usb/common/nrf_usbd_common/libdrivers__usb__common__nrf_usbd_common.a(nrf_usbd_common.c.obj)
 .text.usbd_errata_187_211_begin
                0x0000000000005810       0x3c zephyr/drivers/usb/common/nrf_usbd_common/libdrivers__usb__common__nrf_usbd_common.a(nrf_usbd_common.c.obj)
 .text.usbd_errata_187_211_end
                0x000000000000584c       0x3c zephyr/drivers/usb/common/nrf_usbd_common/libdrivers__usb__common__nrf_usbd_common.a(nrf_usbd_common.c.obj)
 .text.usbd_dma_pending_clear
                0x0000000000005888       0x1c zephyr/drivers/usb/common/nrf_usbd_common/libdrivers__usb__common__nrf_usbd_common.a(nrf_usbd_common.c.obj)
 .text.nrf_usbd_common_uninit
                0x00000000000058a4       0x14 zephyr/drivers/usb/common/nrf_usbd_common/libdrivers__usb__common__nrf_usbd_common.a(nrf_usbd_common.c.obj)
                0x00000000000058a4                nrf_usbd_common_uninit
 .text.nrf_usbd_common_enable
                0x00000000000058b8      0x148 zephyr/drivers/usb/common/nrf_usbd_common/libdrivers__usb__common__nrf_usbd_common.a(nrf_usbd_common.c.obj)
                0x00000000000058b8                nrf_usbd_common_enable
 .text.nrf_usbd_common_start
                0x0000000000005a00       0x38 zephyr/drivers/usb/common/nrf_usbd_common/libdrivers__usb__common__nrf_usbd_common.a(nrf_usbd_common.c.obj)
                0x0000000000005a00                nrf_usbd_common_start
 .text.nrf_usbd_common_is_enabled
                0x0000000000005a38       0x14 zephyr/drivers/usb/common/nrf_usbd_common/libdrivers__usb__common__nrf_usbd_common.a(nrf_usbd_common.c.obj)
                0x0000000000005a38                nrf_usbd_common_is_enabled
 .text.nrf_usbd_common_suspend
                0x0000000000005a4c       0x6c zephyr/drivers/usb/common/nrf_usbd_common/libdrivers__usb__common__nrf_usbd_common.a(nrf_usbd_common.c.obj)
                0x0000000000005a4c                nrf_usbd_common_suspend
 .text.nrf_usbd_common_init
                0x0000000000005ab8       0x84 zephyr/drivers/usb/common/nrf_usbd_common/libdrivers__usb__common__nrf_usbd_common.a(nrf_usbd_common.c.obj)
                0x0000000000005ab8                nrf_usbd_common_init
 .text.nrf_usbd_common_ep_enable_check
                0x0000000000005b3c       0x28 zephyr/drivers/usb/common/nrf_usbd_common/libdrivers__usb__common__nrf_usbd_common.a(nrf_usbd_common.c.obj)
                0x0000000000005b3c                nrf_usbd_common_ep_enable_check
 .text.nrf_usbd_common_ep_transfer
                0x0000000000005b64       0x98 zephyr/drivers/usb/common/nrf_usbd_common/libdrivers__usb__common__nrf_usbd_common.a(nrf_usbd_common.c.obj)
                0x0000000000005b64                nrf_usbd_common_ep_transfer
 .text.nrf_usbd_common_epout_size_get
                0x0000000000005bfc       0x28 zephyr/drivers/usb/common/nrf_usbd_common/libdrivers__usb__common__nrf_usbd_common.a(nrf_usbd_common.c.obj)
                0x0000000000005bfc                nrf_usbd_common_epout_size_get
 .text.nrf_usbd_common_irq_handler
                0x0000000000005c24      0x494 zephyr/drivers/usb/common/nrf_usbd_common/libdrivers__usb__common__nrf_usbd_common.a(nrf_usbd_common.c.obj)
                0x0000000000005c24                nrf_usbd_common_irq_handler
 .text.nrf_usbd_common_ep_stall
                0x00000000000060b8       0x10 zephyr/drivers/usb/common/nrf_usbd_common/libdrivers__usb__common__nrf_usbd_common.a(nrf_usbd_common.c.obj)
                0x00000000000060b8                nrf_usbd_common_ep_stall
 .text.nrf_usbd_common_ep_stall_check
                0x00000000000060c8       0x34 zephyr/drivers/usb/common/nrf_usbd_common/libdrivers__usb__common__nrf_usbd_common.a(nrf_usbd_common.c.obj)
                0x00000000000060c8                nrf_usbd_common_ep_stall_check
 .text.nrf_usbd_common_ep_dtoggle_clear
                0x00000000000060fc       0x14 zephyr/drivers/usb/common/nrf_usbd_common/libdrivers__usb__common__nrf_usbd_common.a(nrf_usbd_common.c.obj)
                0x00000000000060fc                nrf_usbd_common_ep_dtoggle_clear
 .text.nrf_usbd_common_setup_get
                0x0000000000006110       0x4c zephyr/drivers/usb/common/nrf_usbd_common/libdrivers__usb__common__nrf_usbd_common.a(nrf_usbd_common.c.obj)
                0x0000000000006110                nrf_usbd_common_setup_get
 .text.nrf_usbd_common_setup_data_clear
                0x000000000000615c        0xc zephyr/drivers/usb/common/nrf_usbd_common/libdrivers__usb__common__nrf_usbd_common.a(nrf_usbd_common.c.obj)
                0x000000000000615c                nrf_usbd_common_setup_data_clear
 .text.nrf_usbd_common_setup_clear
                0x0000000000006168        0xc zephyr/drivers/usb/common/nrf_usbd_common/libdrivers__usb__common__nrf_usbd_common.a(nrf_usbd_common.c.obj)
                0x0000000000006168                nrf_usbd_common_setup_clear
 .text.nrf_usbd_common_setup_stall
                0x0000000000006174        0xc zephyr/drivers/usb/common/nrf_usbd_common/libdrivers__usb__common__nrf_usbd_common.a(nrf_usbd_common.c.obj)
                0x0000000000006174                nrf_usbd_common_setup_stall
 .text.nrf_usbd_common_last_setup_dir_get
                0x0000000000006180        0xc zephyr/drivers/usb/common/nrf_usbd_common/libdrivers__usb__common__nrf_usbd_common.a(nrf_usbd_common.c.obj)
                0x0000000000006180                nrf_usbd_common_last_setup_dir_get
 .text.nrf_usbd_common_transfer_out_drop
                0x000000000000618c       0x4c zephyr/drivers/usb/common/nrf_usbd_common/libdrivers__usb__common__nrf_usbd_common.a(nrf_usbd_common.c.obj)
                0x000000000000618c                nrf_usbd_common_transfer_out_drop
 .text.usbd_ep_abort
                0x00000000000061d8       0xf0 zephyr/drivers/usb/common/nrf_usbd_common/libdrivers__usb__common__nrf_usbd_common.a(nrf_usbd_common.c.obj)
 .text.nrf_usbd_common_ep_abort
                0x00000000000062c8       0x34 zephyr/drivers/usb/common/nrf_usbd_common/libdrivers__usb__common__nrf_usbd_common.a(nrf_usbd_common.c.obj)
                0x00000000000062c8                nrf_usbd_common_ep_abort
 .text.nrf_usbd_common_disable
                0x00000000000062fc       0xd4 zephyr/drivers/usb/common/nrf_usbd_common/libdrivers__usb__common__nrf_usbd_common.a(nrf_usbd_common.c.obj)
                0x00000000000062fc                nrf_usbd_common_disable
 .text.nrf_usbd_common_ep_disable
                0x00000000000063d0       0x60 zephyr/drivers/usb/common/nrf_usbd_common/libdrivers__usb__common__nrf_usbd_common.a(nrf_usbd_common.c.obj)
                0x00000000000063d0                nrf_usbd_common_ep_disable
 .text.nrf_usbd_common_ep_enable
                0x0000000000006430       0x70 zephyr/drivers/usb/common/nrf_usbd_common/libdrivers__usb__common__nrf_usbd_common.a(nrf_usbd_common.c.obj)
                0x0000000000006430                nrf_usbd_common_ep_enable
 .text.nrf_usbd_common_ep_stall_clear
                0x00000000000064a0       0x20 zephyr/drivers/usb/common/nrf_usbd_common/libdrivers__usb__common__nrf_usbd_common.a(nrf_usbd_common.c.obj)
                0x00000000000064a0                nrf_usbd_common_ep_stall_clear
 .text.onoff_stop
                0x00000000000064c0       0x30 zephyr/drivers/clock_control/libdrivers__clock_control.a(clock_control_nrf.c.obj)
 .text.onoff_start
                0x00000000000064f0       0x44 zephyr/drivers/clock_control/libdrivers__clock_control.a(clock_control_nrf.c.obj)
 .text.generic_hfclk_stop
                0x0000000000006534       0x34 zephyr/drivers/clock_control/libdrivers__clock_control.a(clock_control_nrf.c.obj)
 .text.clk_init
                0x0000000000006568       0x58 zephyr/drivers/clock_control/libdrivers__clock_control.a(clock_control_nrf.c.obj)
 .text.api_blocking_start
                0x00000000000065c0       0x34 zephyr/drivers/clock_control/libdrivers__clock_control.a(clock_control_nrf.c.obj)
 .text.clkstarted_handle.constprop.0
                0x00000000000065f4       0x4c zephyr/drivers/clock_control/libdrivers__clock_control.a(clock_control_nrf.c.obj)
 .text.generic_hfclk_start
                0x0000000000006640       0x78 zephyr/drivers/clock_control/libdrivers__clock_control.a(clock_control_nrf.c.obj)
 .text.clock_event_handler
                0x00000000000066b8       0x1c zephyr/drivers/clock_control/libdrivers__clock_control.a(clock_control_nrf.c.obj)
 .text.z_nrf_clock_control_get_onoff
                0x00000000000066d4       0x10 zephyr/drivers/clock_control/libdrivers__clock_control.a(clock_control_nrf.c.obj)
                0x00000000000066d4                z_nrf_clock_control_get_onoff
 .text.z_nrf_clock_control_lf_on
                0x00000000000066e4       0xfc zephyr/drivers/clock_control/libdrivers__clock_control.a(clock_control_nrf.c.obj)
                0x00000000000066e4                z_nrf_clock_control_lf_on
 .text.uart_console_init
                0x00000000000067e0       0x28 zephyr/drivers/console/libdrivers__console.a(uart_console.c.obj)
 .text.console_out
                0x0000000000006808       0x28 zephyr/drivers/console/libdrivers__console.a(uart_console.c.obj)
 .text.gpio_nrfx_pin_interrupt_configure
                0x0000000000006830      0x100 zephyr/drivers/gpio/libdrivers__gpio.a(gpio_nrfx.c.obj)
 .text.gpio_nrfx_init
                0x0000000000006930       0x48 zephyr/drivers/gpio/libdrivers__gpio.a(gpio_nrfx.c.obj)
 .text.nrfx_gpio_handler
                0x0000000000006978       0x4c zephyr/drivers/gpio/libdrivers__gpio.a(gpio_nrfx.c.obj)
 .text.gpio_nrfx_pin_configure
                0x00000000000069c4      0x18c zephyr/drivers/gpio/libdrivers__gpio.a(gpio_nrfx.c.obj)
 .text.nrf_gpio_pin_port_decode
                0x0000000000006b50       0x20 zephyr/drivers/pinctrl/libdrivers__pinctrl.a(pinctrl_nrf.c.obj)
 .text.pinctrl_configure_pins
                0x0000000000006b70      0x170 zephyr/drivers/pinctrl/libdrivers__pinctrl.a(pinctrl_nrf.c.obj)
                0x0000000000006b70                pinctrl_configure_pins
 .text.z_log_msg_runtime_create.constprop.0
                0x0000000000006ce0       0x24 zephyr/drivers/serial/libdrivers__serial.a(uart_nrfx_uarte.c.obj)
 .text.uarte_nrfx_poll_out
                0x0000000000006d04       0xb4 zephyr/drivers/serial/libdrivers__serial.a(uart_nrfx_uarte.c.obj)
 .text.uarte_0_init
                0x0000000000006db8      0x128 zephyr/drivers/serial/libdrivers__serial.a(uart_nrfx_uarte.c.obj)
 .text.compare_int_lock
                0x0000000000006ee0       0x48 zephyr/drivers/timer/libdrivers__timer.a(nrf_rtc_timer.c.obj)
 .text.sys_clock_timeout_handler
                0x0000000000006f28       0x48 zephyr/drivers/timer/libdrivers__timer.a(nrf_rtc_timer.c.obj)
 .text.compare_int_unlock
                0x0000000000006f70       0x5c zephyr/drivers/timer/libdrivers__timer.a(nrf_rtc_timer.c.obj)
 .text.z_nrf_rtc_timer_read
                0x0000000000006fcc       0x44 zephyr/drivers/timer/libdrivers__timer.a(nrf_rtc_timer.c.obj)
                0x0000000000006fcc                z_nrf_rtc_timer_read
 .text.compare_set
                0x0000000000007010      0x130 zephyr/drivers/timer/libdrivers__timer.a(nrf_rtc_timer.c.obj)
 .text.sys_clock_driver_init
                0x0000000000007140       0x90 zephyr/drivers/timer/libdrivers__timer.a(nrf_rtc_timer.c.obj)
 .text.rtc_nrf_isr
                0x00000000000071d0       0xd4 zephyr/drivers/timer/libdrivers__timer.a(nrf_rtc_timer.c.obj)
                0x00000000000071d0                rtc_nrf_isr
 .text.sys_clock_set_timeout
                0x00000000000072a4       0x5c zephyr/drivers/timer/libdrivers__timer.a(nrf_rtc_timer.c.obj)
                0x00000000000072a4                sys_clock_set_timeout
 .text.sys_clock_elapsed
                0x0000000000007300       0x14 zephyr/drivers/timer/libdrivers__timer.a(nrf_rtc_timer.c.obj)
                0x0000000000007300                sys_clock_elapsed
 .text.__NVIC_SystemReset
                0x0000000000007314       0x24 modules/hal_nordic/modules/hal_nordic/nrfx/libmodules__hal_nordic__nrfx.a(system_nrf52840.c.obj)
 .text.nrf52_errata_98
                0x0000000000007338       0x24 modules/hal_nordic/modules/hal_nordic/nrfx/libmodules__hal_nordic__nrfx.a(system_nrf52840.c.obj)
 .text.nvmc_wait
                0x000000000000735c       0x10 modules/hal_nordic/modules/hal_nordic/nrfx/libmodules__hal_nordic__nrfx.a(system_nrf52840.c.obj)
                0x000000000000735c                nvmc_wait
 .text.SystemInit
                0x000000000000736c      0x1c8 modules/hal_nordic/modules/hal_nordic/nrfx/libmodules__hal_nordic__nrfx.a(system_nrf52840.c.obj)
                0x000000000000736c                SystemInit
 .text.nrfx_flag32_alloc
                0x0000000000007534       0x48 modules/hal_nordic/modules/hal_nordic/nrfx/libmodules__hal_nordic__nrfx.a(nrfx_flag32_allocator.c.obj)
                0x0000000000007534                nrfx_flag32_alloc
 .text.nrfx_flag32_free
                0x000000000000757c       0x40 modules/hal_nordic/modules/hal_nordic/nrfx/libmodules__hal_nordic__nrfx.a(nrfx_flag32_allocator.c.obj)
                0x000000000000757c                nrfx_flag32_free
 .text.nrfx_gppi_channels_enable
                0x00000000000075bc        0xc modules/hal_nordic/modules/hal_nordic/nrfx/libmodules__hal_nordic__nrfx.a(nrfx_gppi_ppi.c.obj)
                0x00000000000075bc                nrfx_gppi_channels_enable
 .text.clock_stop
                0x00000000000075c8       0xc4 modules/hal_nordic/modules/hal_nordic/nrfx/libmodules__hal_nordic__nrfx.a(nrfx_clock.c.obj)
 .text.nrfx_clock_init
                0x000000000000768c       0x20 modules/hal_nordic/modules/hal_nordic/nrfx/libmodules__hal_nordic__nrfx.a(nrfx_clock.c.obj)
                0x000000000000768c                nrfx_clock_init
 .text.nrfx_clock_enable
                0x00000000000076ac       0x30 modules/hal_nordic/modules/hal_nordic/nrfx/libmodules__hal_nordic__nrfx.a(nrfx_clock.c.obj)
                0x00000000000076ac                nrfx_clock_enable
 .text.nrfx_clock_start
                0x00000000000076dc       0xa8 modules/hal_nordic/modules/hal_nordic/nrfx/libmodules__hal_nordic__nrfx.a(nrfx_clock.c.obj)
                0x00000000000076dc                nrfx_clock_start
 .text.nrfx_clock_irq_handler
                0x0000000000007784       0x7c modules/hal_nordic/modules/hal_nordic/nrfx/libmodules__hal_nordic__nrfx.a(nrfx_clock.c.obj)
                0x0000000000007784                nrfx_clock_irq_handler
 .text.nrf_gpio_pin_port_decode
                0x0000000000007800       0x20 modules/hal_nordic/modules/hal_nordic/nrfx/libmodules__hal_nordic__nrfx.a(nrfx_gpiote.c.obj)
 .text.get_pin_idx
                0x0000000000007820       0x14 modules/hal_nordic/modules/hal_nordic/nrfx/libmodules__hal_nordic__nrfx.a(nrfx_gpiote.c.obj)
 .text.call_handler.constprop.0
                0x0000000000007834       0x40 modules/hal_nordic/modules/hal_nordic/nrfx/libmodules__hal_nordic__nrfx.a(nrfx_gpiote.c.obj)
 .text.pin_te_get.constprop.0
                0x0000000000007874       0x18 modules/hal_nordic/modules/hal_nordic/nrfx/libmodules__hal_nordic__nrfx.a(nrfx_gpiote.c.obj)
 .text.pin_is_output.constprop.0
                0x000000000000788c       0x18 modules/hal_nordic/modules/hal_nordic/nrfx/libmodules__hal_nordic__nrfx.a(nrfx_gpiote.c.obj)
 .text.pin_in_use_by_te.constprop.0
                0x00000000000078a4       0x18 modules/hal_nordic/modules/hal_nordic/nrfx/libmodules__hal_nordic__nrfx.a(nrfx_gpiote.c.obj)
 .text.latch_pending_read_and_check
                0x00000000000078bc       0x40 modules/hal_nordic/modules/hal_nordic/nrfx/libmodules__hal_nordic__nrfx.a(nrfx_gpiote.c.obj)
 .text.release_handler.isra.0
                0x00000000000078fc       0x58 modules/hal_nordic/modules/hal_nordic/nrfx/libmodules__hal_nordic__nrfx.a(nrfx_gpiote.c.obj)
 .text.__nrfy_internal_gpiote_events_process.constprop.0
                0x0000000000007954       0x5c modules/hal_nordic/modules/hal_nordic/nrfx/libmodules__hal_nordic__nrfx.a(nrfx_gpiote.c.obj)
 .text.pin_uninit
                0x00000000000079b0       0x80 modules/hal_nordic/modules/hal_nordic/nrfx/libmodules__hal_nordic__nrfx.a(nrfx_gpiote.c.obj)
 .text.nrfx_gpiote_input_configure
                0x0000000000007a30      0x174 modules/hal_nordic/modules/hal_nordic/nrfx/libmodules__hal_nordic__nrfx.a(nrfx_gpiote.c.obj)
                0x0000000000007a30                nrfx_gpiote_input_configure
 .text.nrfx_gpiote_output_configure
                0x0000000000007ba4       0xfc modules/hal_nordic/modules/hal_nordic/nrfx/libmodules__hal_nordic__nrfx.a(nrfx_gpiote.c.obj)
                0x0000000000007ba4                nrfx_gpiote_output_configure
 .text.nrfx_gpiote_global_callback_set
                0x0000000000007ca0        0xc modules/hal_nordic/modules/hal_nordic/nrfx/libmodules__hal_nordic__nrfx.a(nrfx_gpiote.c.obj)
                0x0000000000007ca0                nrfx_gpiote_global_callback_set
 .text.nrfx_gpiote_channel_get
                0x0000000000007cac       0x34 modules/hal_nordic/modules/hal_nordic/nrfx/libmodules__hal_nordic__nrfx.a(nrfx_gpiote.c.obj)
                0x0000000000007cac                nrfx_gpiote_channel_get
 .text.nrfx_gpiote_init
                0x0000000000007ce0       0x68 modules/hal_nordic/modules/hal_nordic/nrfx/libmodules__hal_nordic__nrfx.a(nrfx_gpiote.c.obj)
                0x0000000000007ce0                nrfx_gpiote_init
 .text.nrfx_gpiote_init_check
                0x0000000000007d48       0x14 modules/hal_nordic/modules/hal_nordic/nrfx/libmodules__hal_nordic__nrfx.a(nrfx_gpiote.c.obj)
                0x0000000000007d48                nrfx_gpiote_init_check
 .text.nrfx_gpiote_channel_free
                0x0000000000007d5c        0xc modules/hal_nordic/modules/hal_nordic/nrfx/libmodules__hal_nordic__nrfx.a(nrfx_gpiote.c.obj)
                0x0000000000007d5c                nrfx_gpiote_channel_free
 .text.nrfx_gpiote_channel_alloc
                0x0000000000007d68        0xc modules/hal_nordic/modules/hal_nordic/nrfx/libmodules__hal_nordic__nrfx.a(nrfx_gpiote.c.obj)
                0x0000000000007d68                nrfx_gpiote_channel_alloc
 .text.nrfx_gpiote_trigger_enable
                0x0000000000007d74       0xb0 modules/hal_nordic/modules/hal_nordic/nrfx/libmodules__hal_nordic__nrfx.a(nrfx_gpiote.c.obj)
                0x0000000000007d74                nrfx_gpiote_trigger_enable
 .text.nrfx_gpiote_0_irq_handler
                0x0000000000007e24      0x1bc modules/hal_nordic/modules/hal_nordic/nrfx/libmodules__hal_nordic__nrfx.a(nrfx_gpiote.c.obj)
                0x0000000000007e24                nrfx_gpiote_0_irq_handler
 .text.nrfx_power_init
                0x0000000000007fe0       0x74 modules/hal_nordic/modules/hal_nordic/nrfx/libmodules__hal_nordic__nrfx.a(nrfx_power.c.obj)
                0x0000000000007fe0                nrfx_power_init
 .text.nrfx_power_usbevt_uninit
                0x0000000000008054       0x18 modules/hal_nordic/modules/hal_nordic/nrfx/libmodules__hal_nordic__nrfx.a(nrfx_power.c.obj)
                0x0000000000008054                nrfx_power_usbevt_uninit
 .text.nrfx_power_usbevt_init
                0x000000000000806c       0x14 modules/hal_nordic/modules/hal_nordic/nrfx/libmodules__hal_nordic__nrfx.a(nrfx_power.c.obj)
                0x000000000000806c                nrfx_power_usbevt_init
 .text.nrfx_power_irq_handler
                0x0000000000008080       0xa0 modules/hal_nordic/modules/hal_nordic/nrfx/libmodules__hal_nordic__nrfx.a(nrfx_power.c.obj)
                0x0000000000008080                nrfx_power_irq_handler
 .text.nrfx_ppi_channel_alloc
                0x0000000000008120        0xc modules/hal_nordic/modules/hal_nordic/nrfx/libmodules__hal_nordic__nrfx.a(nrfx_ppi.c.obj)
                0x0000000000008120                nrfx_ppi_channel_alloc
 .text.k_sys_fatal_error_handler
                0x000000000000812c       0x2c zephyr/kernel/libkernel.a(fatal.c.obj)
                0x000000000000812c                k_sys_fatal_error_handler
 .text.z_fatal_error
                0x0000000000008158       0xcc zephyr/kernel/libkernel.a(fatal.c.obj)
                0x0000000000008158                z_fatal_error
 .text.z_sys_init_run_level
                0x0000000000008224       0x2c zephyr/kernel/libkernel.a(init.c.obj)
 .text.bg_thread_main
                0x0000000000008250       0xc4 zephyr/kernel/libkernel.a(init.c.obj)
 .text.z_bss_zero
                0x0000000000008314       0x18 zephyr/kernel/libkernel.a(init.c.obj)
                0x0000000000008314                z_bss_zero
 .text.z_init_cpu
                0x000000000000832c       0x70 zephyr/kernel/libkernel.a(init.c.obj)
                0x000000000000832c                z_init_cpu
 .text.z_cstart
                0x000000000000839c       0xe0 zephyr/kernel/libkernel.a(init.c.obj)
                0x000000000000839c                z_cstart
 .text.init_mem_slab_obj_core_list
                0x000000000000847c       0x24 zephyr/kernel/libkernel.a(mem_slab.c.obj)
 .text.k_mem_slab_alloc
                0x00000000000084a0       0x5c zephyr/kernel/libkernel.a(mem_slab.c.obj)
                0x00000000000084a0                k_mem_slab_alloc
 .text.z_impl_k_mutex_lock
                0x00000000000084fc       0xf0 zephyr/kernel/libkernel.a(mutex.c.obj)
                0x00000000000084fc                z_impl_k_mutex_lock
 .text.z_impl_k_mutex_unlock
                0x00000000000085ec       0xa0 zephyr/kernel/libkernel.a(mutex.c.obj)
                0x00000000000085ec                z_impl_k_mutex_unlock
 .text.z_impl_k_queue_get
                0x000000000000868c       0x64 zephyr/kernel/libkernel.a(queue.c.obj)
                0x000000000000868c                z_impl_k_queue_get
 .text.z_impl_k_sem_give
                0x00000000000086f0       0x68 zephyr/kernel/libkernel.a(sem.c.obj)
                0x00000000000086f0                z_impl_k_sem_give
 .text.z_impl_k_sem_take
                0x0000000000008758       0x4c zephyr/kernel/libkernel.a(sem.c.obj)
                0x0000000000008758                z_impl_k_sem_take
 .text.work_queue_main
                0x00000000000087a4      0x14c zephyr/kernel/libkernel.a(work.c.obj)
 .text.submit_to_queue_locked
                0x00000000000088f0       0xb4 zephyr/kernel/libkernel.a(work.c.obj)
 .text.k_work_queue_start
                0x00000000000089a4       0x7c zephyr/kernel/libkernel.a(work.c.obj)
                0x00000000000089a4                k_work_queue_start
 .text.k_work_schedule_for_queue
                0x0000000000008a20       0x54 zephyr/kernel/libkernel.a(work.c.obj)
                0x0000000000008a20                k_work_schedule_for_queue
 .text.z_setup_new_thread
                0x0000000000008a74       0x7c zephyr/kernel/libkernel.a(thread.c.obj)
                0x0000000000008a74                z_setup_new_thread
 .text.z_impl_k_thread_create
                0x0000000000008af0       0x58 zephyr/kernel/libkernel.a(thread.c.obj)
                0x0000000000008af0                z_impl_k_thread_create
 .text.z_swap_irqlock
                0x0000000000008b48       0x30 zephyr/kernel/libkernel.a(sched.c.obj)
 .text.ready_thread
                0x0000000000008b78       0x90 zephyr/kernel/libkernel.a(sched.c.obj)
 .text.unready_thread
                0x0000000000008c08       0x54 zephyr/kernel/libkernel.a(sched.c.obj)
 .text.move_thread_to_end_of_prio_q
                0x0000000000008c5c       0x90 zephyr/kernel/libkernel.a(sched.c.obj)
                0x0000000000008c5c                move_thread_to_end_of_prio_q
 .text.z_pend_curr
                0x0000000000008cec       0x58 zephyr/kernel/libkernel.a(sched.c.obj)
                0x0000000000008cec                z_pend_curr
 .text.z_thread_prio_set
                0x0000000000008d44       0x9c zephyr/kernel/libkernel.a(sched.c.obj)
                0x0000000000008d44                z_thread_prio_set
 .text.z_reschedule
                0x0000000000008de0       0x24 zephyr/kernel/libkernel.a(sched.c.obj)
                0x0000000000008de0                z_reschedule
 .text.z_reschedule_irqlock
                0x0000000000008e04       0x28 zephyr/kernel/libkernel.a(sched.c.obj)
                0x0000000000008e04                z_reschedule_irqlock
 .text.k_sched_lock
                0x0000000000008e2c       0x28 zephyr/kernel/libkernel.a(sched.c.obj)
                0x0000000000008e2c                k_sched_lock
 .text.k_sched_unlock
                0x0000000000008e54       0x68 zephyr/kernel/libkernel.a(sched.c.obj)
                0x0000000000008e54                k_sched_unlock
 .text.z_sched_init
                0x0000000000008ebc       0x10 zephyr/kernel/libkernel.a(sched.c.obj)
                0x0000000000008ebc                z_sched_init
 .text.z_impl_k_yield
                0x0000000000008ecc       0x88 zephyr/kernel/libkernel.a(sched.c.obj)
                0x0000000000008ecc                z_impl_k_yield
 .text.z_tick_sleep
                0x0000000000008f54       0x80 zephyr/kernel/libkernel.a(sched.c.obj)
 .text.z_impl_k_usleep
                0x0000000000008fd4       0x3c zephyr/kernel/libkernel.a(sched.c.obj)
                0x0000000000008fd4                z_impl_k_usleep
 .text.z_impl_k_wakeup
                0x0000000000009010       0x4c zephyr/kernel/libkernel.a(sched.c.obj)
                0x0000000000009010                z_impl_k_wakeup
 .text.z_impl_k_sched_current_thread_query
                0x000000000000905c        0xc zephyr/kernel/libkernel.a(sched.c.obj)
                0x000000000000905c                z_impl_k_sched_current_thread_query
 .text.z_thread_abort
                0x0000000000009068      0x110 zephyr/kernel/libkernel.a(sched.c.obj)
                0x0000000000009068                z_thread_abort
 .text.z_sched_wait
                0x0000000000009178       0x24 zephyr/kernel/libkernel.a(sched.c.obj)
                0x0000000000009178                z_sched_wait
 .text.slice_timeout
                0x000000000000919c       0x20 zephyr/kernel/libkernel.a(timeslicing.c.obj)
 .text.thread_is_sliceable
                0x00000000000091bc       0x3c zephyr/kernel/libkernel.a(timeslicing.c.obj)
                0x00000000000091bc                thread_is_sliceable
 .text.z_reset_time_slice
                0x00000000000091f8       0x50 zephyr/kernel/libkernel.a(timeslicing.c.obj)
                0x00000000000091f8                z_reset_time_slice
 .text.z_time_slice
                0x0000000000009248       0x60 zephyr/kernel/libkernel.a(timeslicing.c.obj)
                0x0000000000009248                z_time_slice
 .text.z_data_copy
                0x00000000000092a8       0x38 zephyr/kernel/libkernel.a(xip.c.obj)
                0x00000000000092a8                z_data_copy
 .text.first    0x00000000000092e0       0x10 zephyr/kernel/libkernel.a(timeout.c.obj)
 .text.elapsed  0x00000000000092f0       0x14 zephyr/kernel/libkernel.a(timeout.c.obj)
 .text.remove_timeout
                0x0000000000009304       0x38 zephyr/kernel/libkernel.a(timeout.c.obj)
 .text.z_add_timeout
                0x000000000000933c       0xec zephyr/kernel/libkernel.a(timeout.c.obj)
                0x000000000000933c                z_add_timeout
 .text.sys_clock_announce
                0x0000000000009428       0xbc zephyr/kernel/libkernel.a(timeout.c.obj)
                0x0000000000009428                sys_clock_announce
 .text.sys_clock_tick_get
                0x00000000000094e4       0x30 zephyr/kernel/libkernel.a(timeout.c.obj)
                0x00000000000094e4                sys_clock_tick_get
 .text.z_thread_aligned_alloc
                0x0000000000009514       0x40 zephyr/kernel/libkernel.a(mempool.c.obj)
                0x0000000000009514                z_thread_aligned_alloc
 .text.statics_init
                0x0000000000009554       0x24 zephyr/kernel/libkernel.a(kheap.c.obj)
 .text.k_sys_work_q_init
                0x0000000000009578       0x34 zephyr/kernel/libkernel.a(system_work_q.c.obj)
 .text.nrf_cc3xx_platform_init_no_rng
                0x00000000000095ac       0x38 /Users/dmitrymedvedev/ncs-workspace/nrfxlib/crypto/nrf_cc310_platform/lib/cortex-m4/soft-float/no-interrupts/libnrf_cc310_platform_0.9.19.a(nrf_cc3xx_platform.c.obj)
                0x00000000000095ac                nrf_cc3xx_platform_init_no_rng
 .text.nrf_cc3xx_platform_abort
                0x00000000000095e4       0x24 /Users/dmitrymedvedev/ncs-workspace/nrfxlib/crypto/nrf_cc310_platform/lib/cortex-m4/soft-float/no-interrupts/libnrf_cc310_platform_0.9.19.a(nrf_cc3xx_platform_abort.c.obj)
 .text.CC_PalAbort
                0x0000000000009608       0x34 /Users/dmitrymedvedev/ncs-workspace/nrfxlib/crypto/nrf_cc310_platform/lib/cortex-m4/soft-float/no-interrupts/libnrf_cc310_platform_0.9.19.a(nrf_cc3xx_platform_abort.c.obj)
                0x0000000000009608                CC_PalAbort
 .text.nrf_cc3xx_platform_set_abort
                0x000000000000963c       0x10 /Users/dmitrymedvedev/ncs-workspace/nrfxlib/crypto/nrf_cc310_platform/lib/cortex-m4/soft-float/no-interrupts/libnrf_cc310_platform_0.9.19.a(nrf_cc3xx_platform_abort.c.obj)
                0x000000000000963c                nrf_cc3xx_platform_set_abort
 .text.mutex_free
                0x000000000000964c       0x34 /Users/dmitrymedvedev/ncs-workspace/nrfxlib/crypto/nrf_cc310_platform/lib/cortex-m4/soft-float/no-interrupts/libnrf_cc310_platform_0.9.19.a(nrf_cc3xx_platform_mutex.c.obj)
 .text.mutex_lock
                0x0000000000009680       0x48 /Users/dmitrymedvedev/ncs-workspace/nrfxlib/crypto/nrf_cc310_platform/lib/cortex-m4/soft-float/no-interrupts/libnrf_cc310_platform_0.9.19.a(nrf_cc3xx_platform_mutex.c.obj)
 .text.mutex_unlock
                0x00000000000096c8       0x38 /Users/dmitrymedvedev/ncs-workspace/nrfxlib/crypto/nrf_cc310_platform/lib/cortex-m4/soft-float/no-interrupts/libnrf_cc310_platform_0.9.19.a(nrf_cc3xx_platform_mutex.c.obj)
 .text.mutex_init
                0x0000000000009700       0x20 /Users/dmitrymedvedev/ncs-workspace/nrfxlib/crypto/nrf_cc310_platform/lib/cortex-m4/soft-float/no-interrupts/libnrf_cc310_platform_0.9.19.a(nrf_cc3xx_platform_mutex.c.obj)
 .text.nrf_cc3xx_platform_set_mutexes
                0x0000000000009720       0x74 /Users/dmitrymedvedev/ncs-workspace/nrfxlib/crypto/nrf_cc310_platform/lib/cortex-m4/soft-float/no-interrupts/libnrf_cc310_platform_0.9.19.a(nrf_cc3xx_platform_mutex.c.obj)
                0x0000000000009720                nrf_cc3xx_platform_set_mutexes
 .text.CC_LibInitNoRng
                0x0000000000009794       0x64 /Users/dmitrymedvedev/ncs-workspace/nrfxlib/crypto/nrf_cc310_platform/lib/cortex-m4/soft-float/no-interrupts/libnrf_cc310_platform_0.9.19.a(cc_lib.c.obj)
                0x0000000000009794                CC_LibInitNoRng
 .text.CC_HalInit
                0x00000000000097f8        0x4 /Users/dmitrymedvedev/ncs-workspace/nrfxlib/crypto/nrf_cc310_platform/lib/cortex-m4/soft-float/no-interrupts/libnrf_cc310_platform_0.9.19.a(cc_hal.c.obj)
                0x00000000000097f8                CC_HalInit
 .text.CC_HalTerminate
                0x00000000000097fc        0x4 /Users/dmitrymedvedev/ncs-workspace/nrfxlib/crypto/nrf_cc310_platform/lib/cortex-m4/soft-float/no-interrupts/libnrf_cc310_platform_0.9.19.a(cc_hal.c.obj)
                0x00000000000097fc                CC_HalTerminate
 .text.CC_HalMaskInterrupt
                0x0000000000009800        0xc /Users/dmitrymedvedev/ncs-workspace/nrfxlib/crypto/nrf_cc310_platform/lib/cortex-m4/soft-float/no-interrupts/libnrf_cc310_platform_0.9.19.a(cc_hal.c.obj)
                0x0000000000009800                CC_HalMaskInterrupt
 .text.CC_PalInit
                0x000000000000980c       0x5c /Users/dmitrymedvedev/ncs-workspace/nrfxlib/crypto/nrf_cc310_platform/lib/cortex-m4/soft-float/no-interrupts/libnrf_cc310_platform_0.9.19.a(cc_pal.c.obj)
                0x000000000000980c                CC_PalInit
 .text.CC_PalTerminate
                0x0000000000009868       0x34 /Users/dmitrymedvedev/ncs-workspace/nrfxlib/crypto/nrf_cc310_platform/lib/cortex-m4/soft-float/no-interrupts/libnrf_cc310_platform_0.9.19.a(cc_pal.c.obj)
                0x0000000000009868                CC_PalTerminate
 .text.CC_PalDmaInit
                0x000000000000989c        0x4 /Users/dmitrymedvedev/ncs-workspace/nrfxlib/crypto/nrf_cc310_platform/lib/cortex-m4/soft-float/no-interrupts/libnrf_cc310_platform_0.9.19.a(cc_pal_dma.c.obj)
                0x000000000000989c                CC_PalDmaInit
 .text.CC_PalDmaTerminate
                0x00000000000098a0        0x4 /Users/dmitrymedvedev/ncs-workspace/nrfxlib/crypto/nrf_cc310_platform/lib/cortex-m4/soft-float/no-interrupts/libnrf_cc310_platform_0.9.19.a(cc_pal_dma.c.obj)
                0x00000000000098a0                CC_PalDmaTerminate
 .text.CC_PalMutexCreate
                0x00000000000098a4       0x14 /Users/dmitrymedvedev/ncs-workspace/nrfxlib/crypto/nrf_cc310_platform/lib/cortex-m4/soft-float/no-interrupts/libnrf_cc310_platform_0.9.19.a(cc_pal_mutex.c.obj)
                0x00000000000098a4                CC_PalMutexCreate
 .text.CC_PalMutexDestroy
                0x00000000000098b8       0x14 /Users/dmitrymedvedev/ncs-workspace/nrfxlib/crypto/nrf_cc310_platform/lib/cortex-m4/soft-float/no-interrupts/libnrf_cc310_platform_0.9.19.a(cc_pal_mutex.c.obj)
                0x00000000000098b8                CC_PalMutexDestroy
 .text.CC_PalPowerSaveModeInit
                0x00000000000098cc       0x3c /Users/dmitrymedvedev/ncs-workspace/nrfxlib/crypto/nrf_cc310_platform/lib/cortex-m4/soft-float/no-interrupts/libnrf_cc310_platform_0.9.19.a(cc_pal_pm.c.obj)
                0x00000000000098cc                CC_PalPowerSaveModeInit
 .text.CC_PalPowerSaveModeSelect
                0x0000000000009908       0x84 /Users/dmitrymedvedev/ncs-workspace/nrfxlib/crypto/nrf_cc310_platform/lib/cortex-m4/soft-float/no-interrupts/libnrf_cc310_platform_0.9.19.a(cc_pal_pm.c.obj)
                0x0000000000009908                CC_PalPowerSaveModeSelect
 .text._OffsetAbsSyms
                0x000000000000998c        0x2 zephyr/CMakeFiles/offsets.dir/./arch/arm/core/offsets/offsets.c.obj
                0x000000000000998c                _OffsetAbsSyms
 .text.gpio_pin_configure_dt
                0x000000000000998e       0x3e app/libapp.a(main.c.obj)
 .text.z_log_msg_runtime_create.constprop.0
                0x00000000000099cc       0x1e app/libapp.a(main.c.obj)
 .text.chunk_size
                0x00000000000099ea        0xa zephyr/libzephyr.a(heap.c.obj)
 .text.free_list_add
                0x00000000000099f4       0x4e zephyr/libzephyr.a(heap.c.obj)
 .text.free_list_remove_bidx
                0x0000000000009a42       0x3a zephyr/libzephyr.a(heap.c.obj)
 .text.free_list_remove
                0x0000000000009a7c       0x1a zephyr/libzephyr.a(heap.c.obj)
 .text.alloc_chunk
                0x0000000000009a96       0x6e zephyr/libzephyr.a(heap.c.obj)
 .text.merge_chunks
                0x0000000000009b04       0x2c zephyr/libzephyr.a(heap.c.obj)
 .text.split_chunks
                0x0000000000009b30       0x34 zephyr/libzephyr.a(heap.c.obj)
 .text.free_chunk
                0x0000000000009b64       0x62 zephyr/libzephyr.a(heap.c.obj)
 .text.sys_heap_free
                0x0000000000009bc6       0x1e zephyr/libzephyr.a(heap.c.obj)
                0x0000000000009bc6                sys_heap_free
 .text.sys_heap_alloc
                0x0000000000009be4       0x52 zephyr/libzephyr.a(heap.c.obj)
                0x0000000000009be4                sys_heap_alloc
 .text.sys_heap_aligned_alloc
                0x0000000000009c36       0xd0 zephyr/libzephyr.a(heap.c.obj)
                0x0000000000009c36                sys_heap_aligned_alloc
 .text.sys_heap_init
                0x0000000000009d06       0x70 zephyr/libzephyr.a(heap.c.obj)
                0x0000000000009d06                sys_heap_init
 .text.cbpprintf_external
                0x0000000000009d76       0x62 zephyr/libzephyr.a(cbprintf_packaged.c.obj)
                0x0000000000009d76                cbpprintf_external
 .text.arch_printk_char_out
                0x0000000000009dd8        0x4 zephyr/libzephyr.a(printk.c.obj)
                0x0000000000009dd8                arch_printk_char_out
 .text.printk   0x0000000000009ddc       0x1a zephyr/libzephyr.a(printk.c.obj)
                0x0000000000009ddc                printk
 .text.z_thread_entry
                0x0000000000009df6       0x14 zephyr/libzephyr.a(thread_entry.c.obj)
                0x0000000000009df6                z_thread_entry
 .text.encode_uint
                0x0000000000009e0a       0x90 zephyr/libzephyr.a(cbprintf_complete.c.obj)
 .text.outs     0x0000000000009e9a       0x2e zephyr/libzephyr.a(cbprintf_complete.c.obj)
 .text.sys_slist_find_and_remove
                0x0000000000009ec8       0x36 zephyr/libzephyr.a(onoff.c.obj)
 .text.process_recheck
                0x0000000000009efe       0x38 zephyr/libzephyr.a(onoff.c.obj)
 .text.validate_args
                0x0000000000009f36       0x20 zephyr/libzephyr.a(onoff.c.obj)
 .text.notify_one
                0x0000000000009f56       0x2c zephyr/libzephyr.a(onoff.c.obj)
 .text.transition_complete
                0x0000000000009f82       0x1a zephyr/libzephyr.a(onoff.c.obj)
 .text.onoff_manager_init
                0x0000000000009f9c       0x26 zephyr/libzephyr.a(onoff.c.obj)
                0x0000000000009f9c                onoff_manager_init
 .text.onoff_request
                0x0000000000009fc2       0xae zephyr/libzephyr.a(onoff.c.obj)
                0x0000000000009fc2                onoff_request
 .text.onoff_release
                0x000000000000a070       0x48 zephyr/libzephyr.a(onoff.c.obj)
                0x000000000000a070                onoff_release
 .text.onoff_cancel
                0x000000000000a0b8       0x36 zephyr/libzephyr.a(onoff.c.obj)
                0x000000000000a0b8                onoff_cancel
 .text.sys_notify_validate
                0x000000000000a0ee       0x22 zephyr/libzephyr.a(notify.c.obj)
                0x000000000000a0ee                sys_notify_validate
 .text.sys_notify_finalize
                0x000000000000a110       0x1a zephyr/libzephyr.a(notify.c.obj)
                0x000000000000a110                sys_notify_finalize
 .text.ring_buf_put_claim
                0x000000000000a12a       0x3e zephyr/libzephyr.a(ring_buffer.c.obj)
                0x000000000000a12a                ring_buf_put_claim
 .text.ring_buf_put_finish
                0x000000000000a168       0x2a zephyr/libzephyr.a(ring_buffer.c.obj)
                0x000000000000a168                ring_buf_put_finish
 .text.ring_buf_put
                0x000000000000a192       0x3e zephyr/libzephyr.a(ring_buffer.c.obj)
                0x000000000000a192                ring_buf_put
 .text.ring_buf_get_claim
                0x000000000000a1d0       0x40 zephyr/libzephyr.a(ring_buffer.c.obj)
                0x000000000000a1d0                ring_buf_get_claim
 .text.ring_buf_get_finish
                0x000000000000a210       0x2a zephyr/libzephyr.a(ring_buffer.c.obj)
                0x000000000000a210                ring_buf_get_finish
 .text.ring_buf_get
                0x000000000000a23a       0x40 zephyr/libzephyr.a(ring_buffer.c.obj)
                0x000000000000a23a                ring_buf_get
 .text._ConfigAbsSyms
                0x000000000000a27a        0x2 zephyr/libzephyr.a(configs.c.obj)
                0x000000000000a27a                _ConfigAbsSyms
 .text.dummy_timestamp
                0x000000000000a27c        0x4 zephyr/libzephyr.a(log_core.c.obj)
 .text.default_get_timestamp
                0x000000000000a280        0x4 zephyr/libzephyr.a(log_core.c.obj)
 .text.atomic_inc
                0x000000000000a284       0x1a zephyr/libzephyr.a(log_core.c.obj)
 .text.enable_logger
                0x000000000000a29e        0xe zephyr/libzephyr.a(log_core.c.obj)
 .text.z_log_vprintk
                0x000000000000a2ac       0x1c zephyr/libzephyr.a(log_core.c.obj)
                0x000000000000a2ac                z_log_vprintk
 .text.z_log_notify_backend_enabled
                0x000000000000a2c8        0x2 zephyr/libzephyr.a(log_core.c.obj)
                0x000000000000a2c8                z_log_notify_backend_enabled
 .text.z_log_get_tag
                0x000000000000a2ca        0x4 zephyr/libzephyr.a(log_core.c.obj)
                0x000000000000a2ca                z_log_get_tag
 .text.z_log_msg_finalize
                0x000000000000a2ce       0x32 zephyr/libzephyr.a(log_msg.c.obj)
                0x000000000000a2ce                z_log_msg_finalize
 .text.z_log_msg_runtime_create.constprop.0
                0x000000000000a300       0x20 zephyr/libzephyr.a(log_msg.c.obj)
 .text.log_output_write
                0x000000000000a320       0x1c zephyr/libzephyr.a(log_output.c.obj)
 .text.out_func
                0x000000000000a33c       0x1c zephyr/libzephyr.a(log_output.c.obj)
 .text.cr_out_func
                0x000000000000a358       0x1c zephyr/libzephyr.a(log_output.c.obj)
 .text.cbvprintf
                0x000000000000a374        0xe zephyr/libzephyr.a(log_output.c.obj)
 .text.log_output_msg_process
                0x000000000000a382       0x6a zephyr/libzephyr.a(log_output.c.obj)
                0x000000000000a382                log_output_msg_process
 .text.format_set
                0x000000000000a3ec        0xc zephyr/libzephyr.a(log_backend_uart.c.obj)
 .text.log_backend_uart_init
                0x000000000000a3f8        0xc zephyr/libzephyr.a(log_backend_uart.c.obj)
 .text.panic    0x000000000000a404       0x32 zephyr/libzephyr.a(log_backend_uart.c.obj)
 .text.process  0x000000000000a436       0x1e zephyr/libzephyr.a(log_backend_uart.c.obj)
 .text.get_ep_bm_from_addr
                0x000000000000a454       0x1c zephyr/libzephyr.a(usb_device.c.obj)
 .text.usb_write
                0x000000000000a470       0x30 zephyr/libzephyr.a(usb_device.c.obj)
                0x000000000000a470                usb_write
 .text.usb_device_init
                0x000000000000a4a0        0x6 zephyr/libzephyr.a(usb_device.c.obj)
 .text.usb_get_dev_data_by_cfg
                0x000000000000a4a6       0x18 zephyr/libzephyr.a(usb_descriptor.c.obj)
                0x000000000000a4a6                usb_get_dev_data_by_cfg
 .text.usb_get_dev_data_by_iface
                0x000000000000a4be       0x1c zephyr/libzephyr.a(usb_descriptor.c.obj)
                0x000000000000a4be                usb_get_dev_data_by_iface
 .text.usb_get_dev_data_by_ep
                0x000000000000a4da       0x2c zephyr/libzephyr.a(usb_descriptor.c.obj)
                0x000000000000a4da                usb_get_dev_data_by_ep
 .text.usb_transfer_is_busy
                0x000000000000a506       0x16 zephyr/libzephyr.a(usb_transfer.c.obj)
                0x000000000000a506                usb_transfer_is_busy
 .text.cdc_interface_config
                0x000000000000a51c       0x14 zephyr/libzephyr.a(cdc_acm.c.obj)
 .text.cdc_acm_irq_callback_work_handler
                0x000000000000a530        0xa zephyr/libzephyr.a(cdc_acm.c.obj)
 .text.cdc_acm_irq_tx_disable
                0x000000000000a53a        0xa zephyr/libzephyr.a(cdc_acm.c.obj)
 .text.cdc_acm_irq_tx_ready
                0x000000000000a544       0x1e zephyr/libzephyr.a(cdc_acm.c.obj)
 .text.cdc_acm_irq_rx_disable
                0x000000000000a562        0xa zephyr/libzephyr.a(cdc_acm.c.obj)
 .text.cdc_acm_irq_rx_ready
                0x000000000000a56c        0xe zephyr/libzephyr.a(cdc_acm.c.obj)
 .text.cdc_acm_irq_is_pending
                0x000000000000a57a       0x1c zephyr/libzephyr.a(cdc_acm.c.obj)
 .text.cdc_acm_irq_callback_set
                0x000000000000a596        0x8 zephyr/libzephyr.a(cdc_acm.c.obj)
 .text.cdc_acm_fifo_read
                0x000000000000a59e       0x46 zephyr/libzephyr.a(cdc_acm.c.obj)
 .text.cdc_acm_poll_in
                0x000000000000a5e4       0x12 zephyr/libzephyr.a(cdc_acm.c.obj)
 .text.cdc_acm_irq_update
                0x000000000000a5f6       0x2e zephyr/libzephyr.a(cdc_acm.c.obj)
 .text.abort_function
                0x000000000000a624        0x2 zephyr/libzephyr.a(nrf_cc3xx_platform_abort_zephyr.c.obj)
 .text.z_log_msg_runtime_create.constprop.0
                0x000000000000a626       0x20 zephyr/arch/arch/arm/core/libarch__arm__core.a(fatal.c.obj)
 .text.z_do_kernel_oops
                0x000000000000a646        0x8 zephyr/arch/arch/arm/core/libarch__arm__core.a(fatal.c.obj)
                0x000000000000a646                z_do_kernel_oops
 .text.z_arm_nmi
                0x000000000000a64e        0xe zephyr/arch/arch/arm/core/libarch__arm__core.a(nmi.c.obj)
                0x000000000000a64e                z_arm_nmi
 .text.z_log_msg_runtime_create.constprop.0
                0x000000000000a65c       0x20 zephyr/arch/arch/arm/core/cortex_m/libarch__arm__core__cortex_m.a(fault.c.obj)
 .text.z_irq_spurious
                0x000000000000a67c        0x8 zephyr/arch/arch/arm/core/cortex_m/libarch__arm__core__cortex_m.a(irq_manage.c.obj)
                0x000000000000a67c                z_irq_spurious
 .text.arch_irq_unlock_outlined
                0x000000000000a684        0xe zephyr/arch/arch/arm/core/cortex_m/libarch__arm__core__cortex_m.a(thread.c.obj)
                0x000000000000a684                arch_irq_unlock_outlined
 .text.arch_cpu_idle
                0x000000000000a692       0x1a zephyr/arch/arch/arm/core/cortex_m/libarch__arm__core__cortex_m.a(cpu_idle.c.obj)
                0x000000000000a692                arch_cpu_idle
 .text.arch_cpu_atomic_idle
                0x000000000000a6ac       0x1e zephyr/arch/arch/arm/core/cortex_m/libarch__arm__core__cortex_m.a(cpu_idle.c.obj)
                0x000000000000a6ac                arch_cpu_atomic_idle
 .text.size_to_mpu_rasr_size
                0x000000000000a6ca       0x20 zephyr/arch/arch/arm/core/mpu/libarch__arm__core__mpu.a(arm_mpu.c.obj)
 .text.z_log_msg_runtime_create.constprop.0
                0x000000000000a6ea       0x20 zephyr/arch/arch/arm/core/mpu/libarch__arm__core__mpu.a(arm_mpu.c.obj)
 .text.strlen   0x000000000000a70a        0xe zephyr/lib/libc/minimal/liblib__libc__minimal.a(string.c.obj)
                0x000000000000a70a                strlen
 .text.memcpy   0x000000000000a718       0x16 zephyr/lib/libc/minimal/liblib__libc__minimal.a(string.c.obj)
                0x000000000000a718                memcpy
 .text.memset   0x000000000000a72e       0x12 zephyr/lib/libc/minimal/liblib__libc__minimal.a(string.c.obj)
                0x000000000000a72e                memset
 .text._stdout_hook_default
                0x000000000000a740        0x6 zephyr/lib/libc/minimal/liblib__libc__minimal.a(stdout_console.c.obj)
 .text.strnlen  0x000000000000a746       0x12 zephyr/lib/libc/common/liblib__libc__common.a(strnlen.c.obj)
                0x000000000000a746                strnlen
 .text.ep_ctx_reset
                0x000000000000a758       0x26 zephyr/drivers/usb/device/libdrivers__usb__device.a(usb_dc_nrfx.c.obj)
 .text.z_log_msg_runtime_create.constprop.0
                0x000000000000a77e       0x1e zephyr/drivers/usb/device/libdrivers__usb__device.a(usb_dc_nrfx.c.obj)
 .text.k_mutex_lock.constprop.0.isra.0
                0x000000000000a79c        0x4 zephyr/drivers/usb/device/libdrivers__usb__device.a(usb_dc_nrfx.c.obj)
 .text.k_mutex_unlock.isra.0
                0x000000000000a7a0        0x4 zephyr/drivers/usb/device/libdrivers__usb__device.a(usb_dc_nrfx.c.obj)
 .text.usb_dc_ep_disable
                0x000000000000a7a4       0x32 zephyr/drivers/usb/device/libdrivers__usb__device.a(usb_dc_nrfx.c.obj)
                0x000000000000a7a4                usb_dc_ep_disable
 .text.usb_dc_ep_read
                0x000000000000a7d6       0x1e zephyr/drivers/usb/device/libdrivers__usb__device.a(usb_dc_nrfx.c.obj)
                0x000000000000a7d6                usb_dc_ep_read
 .text.ep2bit   0x000000000000a7f4       0x10 zephyr/drivers/usb/common/nrf_usbd_common/libdrivers__usb__common__nrf_usbd_common.a(nrf_usbd_common.c.obj)
 .text.nrf_usbd_common_ep_max_packet_size_set
                0x000000000000a804        0xa zephyr/drivers/usb/common/nrf_usbd_common/libdrivers__usb__common__nrf_usbd_common.a(nrf_usbd_common.c.obj)
                0x000000000000a804                nrf_usbd_common_ep_max_packet_size_set
 .text.nrf_usbd_common_ep_status_get
                0x000000000000a80e       0x2c zephyr/drivers/usb/common/nrf_usbd_common/libdrivers__usb__common__nrf_usbd_common.a(nrf_usbd_common.c.obj)
                0x000000000000a80e                nrf_usbd_common_ep_status_get
 .text.get_status
                0x000000000000a83a       0x12 zephyr/drivers/clock_control/libdrivers__clock_control.a(clock_control_nrf.c.obj)
 .text.stop     0x000000000000a84c       0x50 zephyr/drivers/clock_control/libdrivers__clock_control.a(clock_control_nrf.c.obj)
 .text.api_stop
                0x000000000000a89c        0x6 zephyr/drivers/clock_control/libdrivers__clock_control.a(clock_control_nrf.c.obj)
 .text.async_start
                0x000000000000a8a2       0x5a zephyr/drivers/clock_control/libdrivers__clock_control.a(clock_control_nrf.c.obj)
 .text.api_start
                0x000000000000a8fc        0xe zephyr/drivers/clock_control/libdrivers__clock_control.a(clock_control_nrf.c.obj)
 .text.onoff_started_callback
                0x000000000000a90a       0x12 zephyr/drivers/clock_control/libdrivers__clock_control.a(clock_control_nrf.c.obj)
 .text.lfclk_start
                0x000000000000a91c        0x6 zephyr/drivers/clock_control/libdrivers__clock_control.a(clock_control_nrf.c.obj)
 .text.lfclk_stop
                0x000000000000a922        0x6 zephyr/drivers/clock_control/libdrivers__clock_control.a(clock_control_nrf.c.obj)
 .text.blocking_start_callback
                0x000000000000a928        0x6 zephyr/drivers/clock_control/libdrivers__clock_control.a(clock_control_nrf.c.obj)
 .text.gpio_nrfx_port_get_raw
                0x000000000000a92e        0xe zephyr/drivers/gpio/libdrivers__gpio.a(gpio_nrfx.c.obj)
 .text.gpio_nrfx_port_set_masked_raw
                0x000000000000a93c       0x18 zephyr/drivers/gpio/libdrivers__gpio.a(gpio_nrfx.c.obj)
 .text.gpio_nrfx_port_set_bits_raw
                0x000000000000a954        0xc zephyr/drivers/gpio/libdrivers__gpio.a(gpio_nrfx.c.obj)
 .text.gpio_nrfx_port_clear_bits_raw
                0x000000000000a960        0xc zephyr/drivers/gpio/libdrivers__gpio.a(gpio_nrfx.c.obj)
 .text.gpio_nrfx_port_toggle_bits
                0x000000000000a96c       0x1a zephyr/drivers/gpio/libdrivers__gpio.a(gpio_nrfx.c.obj)
 .text.gpio_nrfx_manage_callback
                0x000000000000a986       0x52 zephyr/drivers/gpio/libdrivers__gpio.a(gpio_nrfx.c.obj)
 .text.z_impl_hwinfo_get_device_id
                0x000000000000a9d8       0x28 zephyr/drivers/hwinfo/libdrivers__hwinfo.a(hwinfo_nrf.c.obj)
                0x000000000000a9d8                z_impl_hwinfo_get_device_id
 .text.pinctrl_lookup_state
                0x000000000000aa00       0x26 zephyr/drivers/pinctrl/libdrivers__pinctrl.a(common.c.obj)
                0x000000000000aa00                pinctrl_lookup_state
 .text.uarte_nrfx_err_check
                0x000000000000aa26        0xe zephyr/drivers/serial/libdrivers__serial.a(uart_nrfx_uarte.c.obj)
 .text.uarte_nrfx_poll_in
                0x000000000000aa34       0x26 zephyr/drivers/serial/libdrivers__serial.a(uart_nrfx_uarte.c.obj)
 .text.uarte_nrfx_fifo_read
                0x000000000000aa5a       0x28 zephyr/drivers/serial/libdrivers__serial.a(uart_nrfx_uarte.c.obj)
 .text.uarte_nrfx_irq_tx_enable
                0x000000000000aa82       0x34 zephyr/drivers/serial/libdrivers__serial.a(uart_nrfx_uarte.c.obj)
 .text.uarte_nrfx_irq_tx_disable
                0x000000000000aab6       0x10 zephyr/drivers/serial/libdrivers__serial.a(uart_nrfx_uarte.c.obj)
 .text.uarte_nrfx_irq_tx_ready_complete
                0x000000000000aac6       0x1e zephyr/drivers/serial/libdrivers__serial.a(uart_nrfx_uarte.c.obj)
 .text.uarte_nrfx_irq_rx_ready
                0x000000000000aae4       0x10 zephyr/drivers/serial/libdrivers__serial.a(uart_nrfx_uarte.c.obj)
 .text.uarte_nrfx_irq_rx_enable
                0x000000000000aaf4        0xc zephyr/drivers/serial/libdrivers__serial.a(uart_nrfx_uarte.c.obj)
 .text.uarte_nrfx_irq_rx_disable
                0x000000000000ab00        0xc zephyr/drivers/serial/libdrivers__serial.a(uart_nrfx_uarte.c.obj)
 .text.uarte_nrfx_irq_err_enable
                0x000000000000ab0c        0xe zephyr/drivers/serial/libdrivers__serial.a(uart_nrfx_uarte.c.obj)
 .text.uarte_nrfx_irq_err_disable
                0x000000000000ab1a        0xe zephyr/drivers/serial/libdrivers__serial.a(uart_nrfx_uarte.c.obj)
 .text.uarte_nrfx_irq_is_pending
                0x000000000000ab28       0x36 zephyr/drivers/serial/libdrivers__serial.a(uart_nrfx_uarte.c.obj)
 .text.uarte_nrfx_irq_update
                0x000000000000ab5e        0x4 zephyr/drivers/serial/libdrivers__serial.a(uart_nrfx_uarte.c.obj)
 .text.uarte_nrfx_irq_callback_set
                0x000000000000ab62        0xc zephyr/drivers/serial/libdrivers__serial.a(uart_nrfx_uarte.c.obj)
 .text.is_tx_ready.isra.0
                0x000000000000ab6e       0x20 zephyr/drivers/serial/libdrivers__serial.a(uart_nrfx_uarte.c.obj)
 .text.uarte_nrfx_isr_int
                0x000000000000ab8e       0x88 zephyr/drivers/serial/libdrivers__serial.a(uart_nrfx_uarte.c.obj)
 .text.uarte_nrfx_fifo_fill
                0x000000000000ac16       0x92 zephyr/drivers/serial/libdrivers__serial.a(uart_nrfx_uarte.c.obj)
 .text.event_clear
                0x000000000000aca8       0x18 zephyr/drivers/timer/libdrivers__timer.a(nrf_rtc_timer.c.obj)
 .text.sys_clock_cycle_get_32
                0x000000000000acc0        0x8 zephyr/drivers/timer/libdrivers__timer.a(nrf_rtc_timer.c.obj)
                0x000000000000acc0                sys_clock_cycle_get_32
 .text.hw_cc3xx_init_internal
                0x000000000000acc8        0x4 modules/nrf/drivers/hw_cc3xx/lib..__nrf__drivers__hw_cc3xx.a(hw_cc3xx.c.obj)
 .text.hw_cc3xx_init
                0x000000000000accc       0x12 modules/nrf/drivers/hw_cc3xx/lib..__nrf__drivers__hw_cc3xx.a(hw_cc3xx.c.obj)
 .text.nrfx_isr
                0x000000000000acde        0x2 modules/hal_nordic/modules/hal_nordic/nrfx/libmodules__hal_nordic__nrfx.a(nrfx_glue.c.obj)
                0x000000000000acde                nrfx_isr
 .text.nrfx_busy_wait
                0x000000000000ace0        0x4 modules/hal_nordic/modules/hal_nordic/nrfx/libmodules__hal_nordic__nrfx.a(nrfx_glue.c.obj)
                0x000000000000ace0                nrfx_busy_wait
 .text.nrfx_gppi_channel_endpoints_setup
                0x000000000000ace4       0x14 modules/hal_nordic/modules/hal_nordic/nrfx/libmodules__hal_nordic__nrfx.a(nrfx_gppi_ppi.c.obj)
                0x000000000000ace4                nrfx_gppi_channel_endpoints_setup
 .text.nrfx_gppi_channel_alloc
                0x000000000000acf8        0x4 modules/hal_nordic/modules/hal_nordic/nrfx/libmodules__hal_nordic__nrfx.a(nrfx_gppi_ppi.c.obj)
                0x000000000000acf8                nrfx_gppi_channel_alloc
 .text.nrfx_clock_stop
                0x000000000000acfc        0x4 modules/hal_nordic/modules/hal_nordic/nrfx/libmodules__hal_nordic__nrfx.a(nrfx_clock.c.obj)
                0x000000000000acfc                nrfx_clock_stop
 .text.nrf_gpio_reconfigure
                0x000000000000ad00       0x92 modules/hal_nordic/modules/hal_nordic/nrfx/libmodules__hal_nordic__nrfx.a(nrfx_gpiote.c.obj)
 .text.nrf_gpio_cfg_sense_set
                0x000000000000ad92       0x1e modules/hal_nordic/modules/hal_nordic/nrfx/libmodules__hal_nordic__nrfx.a(nrfx_gpiote.c.obj)
 .text.pin_trigger_disable
                0x000000000000adb0       0x48 modules/hal_nordic/modules/hal_nordic/nrfx/libmodules__hal_nordic__nrfx.a(nrfx_gpiote.c.obj)
 .text.nrfx_gpiote_pin_uninit
                0x000000000000adf8        0x4 modules/hal_nordic/modules/hal_nordic/nrfx/libmodules__hal_nordic__nrfx.a(nrfx_gpiote.c.obj)
                0x000000000000adf8                nrfx_gpiote_pin_uninit
 .text.nrfx_gpiote_trigger_disable
                0x000000000000adfc        0x4 modules/hal_nordic/modules/hal_nordic/nrfx/libmodules__hal_nordic__nrfx.a(nrfx_gpiote.c.obj)
                0x000000000000adfc                nrfx_gpiote_trigger_disable
 .text.nrf_power_event_get_and_clear.constprop.0
                0x000000000000ae00       0x18 modules/hal_nordic/modules/hal_nordic/nrfx/libmodules__hal_nordic__nrfx.a(nrfx_power.c.obj)
 .text.nrfx_power_usbevt_enable
                0x000000000000ae18        0xe modules/hal_nordic/modules/hal_nordic/nrfx/libmodules__hal_nordic__nrfx.a(nrfx_power.c.obj)
                0x000000000000ae18                nrfx_power_usbevt_enable
 .text.nrfx_power_usbevt_disable
                0x000000000000ae26        0xe modules/hal_nordic/modules/hal_nordic/nrfx/libmodules__hal_nordic__nrfx.a(nrfx_power.c.obj)
                0x000000000000ae26                nrfx_power_usbevt_disable
 .text.nrfx_power_clock_irq_handler
                0x000000000000ae34        0xe modules/hal_nordic/modules/hal_nordic/nrfx/libmodules__hal_nordic__nrfx.a(nrfx_power.c.obj)
                0x000000000000ae34                nrfx_power_clock_irq_handler
 .text.z_impl_k_busy_wait
                0x000000000000ae42        0x8 zephyr/kernel/libkernel.a(busy_wait.c.obj)
                0x000000000000ae42                z_impl_k_busy_wait
 .text.z_device_state_init
                0x000000000000ae4a        0x2 zephyr/kernel/libkernel.a(device.c.obj)
                0x000000000000ae4a                z_device_state_init
 .text.z_impl_device_is_ready
                0x000000000000ae4c       0x16 zephyr/kernel/libkernel.a(device.c.obj)
                0x000000000000ae4c                z_impl_device_is_ready
 .text.z_log_msg_runtime_create.constprop.0
                0x000000000000ae62       0x20 zephyr/kernel/libkernel.a(fatal.c.obj)
 .text.arch_system_halt
                0x000000000000ae82       0x10 zephyr/kernel/libkernel.a(fatal.c.obj)
                0x000000000000ae82                arch_system_halt
 .text.do_device_init
                0x000000000000ae92       0x30 zephyr/kernel/libkernel.a(init.c.obj)
 .text.z_early_memset
                0x000000000000aec2        0x4 zephyr/kernel/libkernel.a(init.c.obj)
                0x000000000000aec2                z_early_memset
 .text.z_early_memcpy
                0x000000000000aec6        0x4 zephyr/kernel/libkernel.a(init.c.obj)
                0x000000000000aec6                z_early_memcpy
 .text.z_init_static
                0x000000000000aeca        0x2 zephyr/kernel/libkernel.a(init_static.c.obj)
                0x000000000000aeca                z_init_static
 .text.create_free_list
                0x000000000000aecc       0x34 zephyr/kernel/libkernel.a(mem_slab.c.obj)
 .text.k_mem_slab_init
                0x000000000000af00       0x1c zephyr/kernel/libkernel.a(mem_slab.c.obj)
                0x000000000000af00                k_mem_slab_init
 .text.k_mem_slab_free
                0x000000000000af1c       0x6e zephyr/kernel/libkernel.a(mem_slab.c.obj)
                0x000000000000af1c                k_mem_slab_free
 .text.idle     0x000000000000af8a       0x16 zephyr/kernel/libkernel.a(idle.c.obj)
                0x000000000000af8a                idle
 .text.adjust_owner_prio.isra.0
                0x000000000000afa0       0x10 zephyr/kernel/libkernel.a(mutex.c.obj)
 .text.z_impl_k_mutex_init
                0x000000000000afb0        0xe zephyr/kernel/libkernel.a(mutex.c.obj)
                0x000000000000afb0                z_impl_k_mutex_init
 .text.unpend_thread_no_timeout
                0x000000000000afbe       0x1a zephyr/kernel/libkernel.a(queue.c.obj)
 .text.queue_insert
                0x000000000000afd8       0xce zephyr/kernel/libkernel.a(queue.c.obj)
 .text.z_queue_node_peek
                0x000000000000b0a6       0x18 zephyr/kernel/libkernel.a(queue.c.obj)
                0x000000000000b0a6                z_queue_node_peek
 .text.k_queue_append
                0x000000000000b0be       0x16 zephyr/kernel/libkernel.a(queue.c.obj)
                0x000000000000b0be                k_queue_append
 .text.z_impl_k_sem_init
                0x000000000000b0d4       0x18 zephyr/kernel/libkernel.a(sem.c.obj)
                0x000000000000b0d4                z_impl_k_sem_init
 .text.flag_test_and_clear
                0x000000000000b0ec       0x16 zephyr/kernel/libkernel.a(work.c.obj)
 .text.notify_queue_locked.isra.0
                0x000000000000b102        0xe zephyr/kernel/libkernel.a(work.c.obj)
 .text.work_timeout
                0x000000000000b110       0x3c zephyr/kernel/libkernel.a(work.c.obj)
 .text.k_work_init
                0x000000000000b14c       0x12 zephyr/kernel/libkernel.a(work.c.obj)
                0x000000000000b14c                k_work_init
 .text.z_work_submit_to_queue
                0x000000000000b15e       0x26 zephyr/kernel/libkernel.a(work.c.obj)
                0x000000000000b15e                z_work_submit_to_queue
 .text.k_work_submit_to_queue
                0x000000000000b184       0x20 zephyr/kernel/libkernel.a(work.c.obj)
                0x000000000000b184                k_work_submit_to_queue
 .text.k_work_init_delayable
                0x000000000000b1a4       0x18 zephyr/kernel/libkernel.a(work.c.obj)
                0x000000000000b1a4                k_work_init_delayable
 .text.k_is_in_isr
                0x000000000000b1bc        0xc zephyr/kernel/libkernel.a(thread.c.obj)
                0x000000000000b1bc                k_is_in_isr
 .text.z_impl_k_thread_name_set
                0x000000000000b1c8        0x6 zephyr/kernel/libkernel.a(thread.c.obj)
                0x000000000000b1c8                z_impl_k_thread_name_set
 .text.k_thread_name_get
                0x000000000000b1ce        0x4 zephyr/kernel/libkernel.a(thread.c.obj)
                0x000000000000b1ce                k_thread_name_get
 .text.sys_dlist_remove
                0x000000000000b1d2       0x10 zephyr/kernel/libkernel.a(sched.c.obj)
 .text.unpend_thread_no_timeout
                0x000000000000b1e2       0x14 zephyr/kernel/libkernel.a(sched.c.obj)
 .text.add_to_waitq_locked
                0x000000000000b1f6       0x50 zephyr/kernel/libkernel.a(sched.c.obj)
 .text.z_ready_thread
                0x000000000000b246       0x1e zephyr/kernel/libkernel.a(sched.c.obj)
                0x000000000000b246                z_ready_thread
 .text.z_unpend_thread_no_timeout
                0x000000000000b264       0x22 zephyr/kernel/libkernel.a(sched.c.obj)
                0x000000000000b264                z_unpend_thread_no_timeout
 .text.z_sched_wake_thread
                0x000000000000b286       0x3a zephyr/kernel/libkernel.a(sched.c.obj)
                0x000000000000b286                z_sched_wake_thread
 .text.z_thread_timeout
                0x000000000000b2c0        0x8 zephyr/kernel/libkernel.a(sched.c.obj)
                0x000000000000b2c0                z_thread_timeout
 .text.z_unpend_thread
                0x000000000000b2c8       0x10 zephyr/kernel/libkernel.a(sched.c.obj)
                0x000000000000b2c8                z_unpend_thread
 .text.z_unpend_all
                0x000000000000b2d8       0x28 zephyr/kernel/libkernel.a(sched.c.obj)
                0x000000000000b2d8                z_unpend_all
 .text.z_impl_k_sleep
                0x000000000000b300       0x32 zephyr/kernel/libkernel.a(sched.c.obj)
                0x000000000000b300                z_impl_k_sleep
 .text.z_sched_wake
                0x000000000000b332       0x44 zephyr/kernel/libkernel.a(sched.c.obj)
                0x000000000000b332                z_sched_wake
 .text.next_timeout
                0x000000000000b376       0x32 zephyr/kernel/libkernel.a(timeout.c.obj)
 .text.z_abort_timeout
                0x000000000000b3a8       0x42 zephyr/kernel/libkernel.a(timeout.c.obj)
                0x000000000000b3a8                z_abort_timeout
 .text.sys_clock_tick_get_32
                0x000000000000b3ea        0x8 zephyr/kernel/libkernel.a(timeout.c.obj)
                0x000000000000b3ea                sys_clock_tick_get_32
 .text.sys_timepoint_calc
                0x000000000000b3f2       0x48 zephyr/kernel/libkernel.a(timeout.c.obj)
                0x000000000000b3f2                sys_timepoint_calc
 .text.sys_timepoint_timeout
                0x000000000000b43a       0x42 zephyr/kernel/libkernel.a(timeout.c.obj)
                0x000000000000b43a                sys_timepoint_timeout
 .text.k_free   0x000000000000b47c        0xe zephyr/kernel/libkernel.a(mempool.c.obj)
                0x000000000000b47c                k_free
 .text.k_heap_init
                0x000000000000b48a       0x10 zephyr/kernel/libkernel.a(kheap.c.obj)
                0x000000000000b48a                k_heap_init
 .text.k_heap_aligned_alloc
                0x000000000000b49a       0x82 zephyr/kernel/libkernel.a(kheap.c.obj)
                0x000000000000b49a                k_heap_aligned_alloc
 .text.k_heap_free
                0x000000000000b51c       0x38 zephyr/kernel/libkernel.a(kheap.c.obj)
                0x000000000000b51c                k_heap_free
 *(SORT_BY_ALIGNMENT(.TEXT.*))
 *(SORT_BY_ALIGNMENT(.gnu.linkonce.t.*))
 *(SORT_BY_ALIGNMENT(.glue_7t))
 .glue_7t       0x000000000000b554        0x0 linker stubs
 *(SORT_BY_ALIGNMENT(.glue_7))
 .glue_7        0x000000000000b554        0x0 linker stubs
 *(SORT_BY_ALIGNMENT(.vfp11_veneer))
 .vfp11_veneer  0x000000000000b554        0x0 linker stubs
 *(SORT_BY_ALIGNMENT(.v4_bx))
 .v4_bx         0x000000000000b554        0x0 linker stubs
                0x000000000000b554                . = ALIGN (0x4)
                0x000000000000b554                __text_region_end = .

.ARM.exidx      0x000000000000b554        0x8
                0x000000000000b554                __exidx_start = .
 *(SORT_BY_ALIGNMENT(.ARM.exidx*) SORT_BY_ALIGNMENT(gnu.linkonce.armexidx.*))